Archive member included to satisfy reference by file (symbol)

C:/Users/User/.pico-sdk/toolchain/14_2_Rel1/bin/../lib/gcc/arm-none-eabi/14.2.1/thumb/v8-m.main+fp/softfp\libm.a(libm_a-wf_sqrt.o)
                              CMakeFiles/sniffer_mil.dir/C_/Users/User/.pico-sdk/sdk/2.2.0/src/rp2_common/pico_float/float_math.c.obj (sqrtf)
C:/Users/User/.pico-sdk/toolchain/14_2_Rel1/bin/../lib/gcc/arm-none-eabi/14.2.1/thumb/v8-m.main+fp/softfp\libm.a(libm_a-ef_sqrt.o)
                              C:/Users/User/.pico-sdk/toolchain/14_2_Rel1/bin/../lib/gcc/arm-none-eabi/14.2.1/thumb/v8-m.main+fp/softfp\libm.a(libm_a-wf_sqrt.o) (__ieee754_sqrtf)
C:/Users/User/.pico-sdk/toolchain/14_2_Rel1/bin/../lib/gcc/arm-none-eabi/14.2.1/thumb/v8-m.main+fp/softfp\libgcc.a(_arm_addsubdf3.o)
                              CMakeFiles/sniffer_mil.dir/C_/Users/User/.pico-sdk/sdk/2.2.0/src/rp2_common/pico_float/float_math.c.obj (__aeabi_f2d)
C:/Users/User/.pico-sdk/toolchain/14_2_Rel1/bin/../lib/gcc/arm-none-eabi/14.2.1/thumb/v8-m.main+fp/softfp\libgcc.a(_aeabi_ldivmod.o)
                              CMakeFiles/sniffer_mil.dir/C_/Users/User/.pico-sdk/sdk/2.2.0/src/common/pico_time/time.c.obj (__aeabi_ldivmod)
C:/Users/User/.pico-sdk/toolchain/14_2_Rel1/bin/../lib/gcc/arm-none-eabi/14.2.1/thumb/v8-m.main+fp/softfp\libgcc.a(_aeabi_uldivmod.o)
                              CMakeFiles/sniffer_mil.dir/C_/Users/User/.pico-sdk/sdk/2.2.0/src/rp2_common/hardware_clocks/clocks.c.obj (__aeabi_uldivmod)
C:/Users/User/.pico-sdk/toolchain/14_2_Rel1/bin/../lib/gcc/arm-none-eabi/14.2.1/thumb/v8-m.main+fp/softfp\libgcc.a(_udivmoddi4.o)
                              C:/Users/User/.pico-sdk/toolchain/14_2_Rel1/bin/../lib/gcc/arm-none-eabi/14.2.1/thumb/v8-m.main+fp/softfp\libgcc.a(_aeabi_ldivmod.o) (__udivmoddi4)
C:/Users/User/.pico-sdk/toolchain/14_2_Rel1/bin/../lib/gcc/arm-none-eabi/14.2.1/thumb/v8-m.main+fp/softfp\libgcc.a(_dvmd_tls.o)
                              C:/Users/User/.pico-sdk/toolchain/14_2_Rel1/bin/../lib/gcc/arm-none-eabi/14.2.1/thumb/v8-m.main+fp/softfp\libgcc.a(_aeabi_ldivmod.o) (__aeabi_ldiv0)
C:/Users/User/.pico-sdk/toolchain/14_2_Rel1/bin/../lib/gcc/arm-none-eabi/14.2.1/thumb/v8-m.main+fp/softfp\libg.a(libc_a-calloc.o)
                              CMakeFiles/sniffer_mil.dir/C_/Users/User/.pico-sdk/sdk/2.2.0/src/rp2_common/pico_malloc/malloc.c.obj (calloc)
C:/Users/User/.pico-sdk/toolchain/14_2_Rel1/bin/../lib/gcc/arm-none-eabi/14.2.1/thumb/v8-m.main+fp/softfp\libg.a(libc_a-callocr.o)
                              C:/Users/User/.pico-sdk/toolchain/14_2_Rel1/bin/../lib/gcc/arm-none-eabi/14.2.1/thumb/v8-m.main+fp/softfp\libg.a(libc_a-calloc.o) (_calloc_r)
C:/Users/User/.pico-sdk/toolchain/14_2_Rel1/bin/../lib/gcc/arm-none-eabi/14.2.1/thumb/v8-m.main+fp/softfp\libg.a(libc_a-malloc.o)
                              CMakeFiles/sniffer_mil.dir/C_/Users/User/.pico-sdk/sdk/2.2.0/src/rp2_common/pico_malloc/malloc.c.obj (malloc)
C:/Users/User/.pico-sdk/toolchain/14_2_Rel1/bin/../lib/gcc/arm-none-eabi/14.2.1/thumb/v8-m.main+fp/softfp\libg.a(libc_a-mallocr.o)
                              C:/Users/User/.pico-sdk/toolchain/14_2_Rel1/bin/../lib/gcc/arm-none-eabi/14.2.1/thumb/v8-m.main+fp/softfp\libg.a(libc_a-callocr.o) (_malloc_r)
C:/Users/User/.pico-sdk/toolchain/14_2_Rel1/bin/../lib/gcc/arm-none-eabi/14.2.1/thumb/v8-m.main+fp/softfp\libg.a(libc_a-mlock.o)
                              C:/Users/User/.pico-sdk/toolchain/14_2_Rel1/bin/../lib/gcc/arm-none-eabi/14.2.1/thumb/v8-m.main+fp/softfp\libg.a(libc_a-mallocr.o) (__malloc_lock)
C:/Users/User/.pico-sdk/toolchain/14_2_Rel1/bin/../lib/gcc/arm-none-eabi/14.2.1/thumb/v8-m.main+fp/softfp\libg.a(libc_a-realloc.o)
                              CMakeFiles/sniffer_mil.dir/C_/Users/User/.pico-sdk/sdk/2.2.0/src/rp2_common/pico_malloc/malloc.c.obj (realloc)
C:/Users/User/.pico-sdk/toolchain/14_2_Rel1/bin/../lib/gcc/arm-none-eabi/14.2.1/thumb/v8-m.main+fp/softfp\libg.a(libc_a-reallocr.o)
                              C:/Users/User/.pico-sdk/toolchain/14_2_Rel1/bin/../lib/gcc/arm-none-eabi/14.2.1/thumb/v8-m.main+fp/softfp\libg.a(libc_a-realloc.o) (_realloc_r)
C:/Users/User/.pico-sdk/toolchain/14_2_Rel1/bin/../lib/gcc/arm-none-eabi/14.2.1/thumb/v8-m.main+fp/softfp\libg.a(libc_a-memcmp.o)
                              CMakeFiles/sniffer_mil.dir/C_/Users/User/.pico-sdk/sdk/2.2.0/src/rp2_common/pico_atomic/atomic.c.obj (memcmp)
C:/Users/User/.pico-sdk/toolchain/14_2_Rel1/bin/../lib/gcc/arm-none-eabi/14.2.1/thumb/v8-m.main+fp/softfp\libg.a(libc_a-memmove.o)
                              C:/Users/User/.pico-sdk/toolchain/14_2_Rel1/bin/../lib/gcc/arm-none-eabi/14.2.1/thumb/v8-m.main+fp/softfp\libg.a(libc_a-reallocr.o) (memmove)
C:/Users/User/.pico-sdk/toolchain/14_2_Rel1/bin/../lib/gcc/arm-none-eabi/14.2.1/thumb/v8-m.main+fp/softfp\libg.a(libc_a-memset.o)
                              C:/Users/User/.pico-sdk/toolchain/14_2_Rel1/bin/../lib/gcc/arm-none-eabi/14.2.1/thumb/v8-m.main+fp/softfp/crt0.o (memset)
[...]
Memory Configuration

Name             Origin             Length             Attributes
FLASH            0x10000000         0x00400000         xr
RAM              0x20000000         0x00080000         xrw
SCRATCH_X        0x20080000         0x00001000         xrw
SCRATCH_Y        0x20081000         0x00001000         xrw
*default*        0x00000000         0xffffffff

Linker script and memory map

LOAD C:/Users/User/.pico-sdk/toolchain/14_2_Rel1/bin/../lib/gcc/arm-none-eabi/14.2.1/thumb/v8-m.main+fp/softfp/crti.o
LOAD C:/Users/User/.pico-sdk/toolchain/14_2_Rel1/bin/../lib/gcc/arm-none-eabi/14.2.1/thumb/v8-m.main+fp/softfp/crtbegin.o
LOAD C:/Users/User/.pico-sdk/toolchain/14_2_Rel1/bin/../lib/gcc/arm-none-eabi/14.2.1/thumb/v8-m.main+fp/softfp/crt0.o

.flash_begin    0x10000000        0x0
                0x10000000                        __flash_binary_start = .

.text           0x10000000     0x6480
                0x10000000                        __logical_binary_start = .
 *(.vectors)
 .vectors       0x10000000      0x124 CMakeFiles/sniffer_mil.dir/C_/Users/User/.pico-sdk/sdk/2.2.0/src/rp2_common/pico_crt0/crt0.S.obj
                0x10000000                __VECTOR_TABLE
                0x10000000                __vectors
                0x10000110                __unhandled_user_irq
                0x10000110                isr_irq49
                0x10000110                isr_irq13
                0x10000110                isr_irq43
                0x10000110                isr_irq45
                0x10000110                isr_irq27
                0x10000110                isr_irq32
                0x10000110                isr_irq31
                0x10000110                isr_irq12
                0x10000110                isr_irq5
                0x10000110                isr_irq11
                0x10000110                isr_irq3
                0x10000110                isr_irq23
                0x10000110                isr_usagefault
                0x10000110                isr_irq48
                0x10000110                isr_irq30
                0x10000110                isr_irq18
                0x10000110                isr_irq50
                0x10000110                isr_irq33
                0x10000110                isr_irq40
                0x10000110                isr_irq28
                0x10000110                isr_irq19
                0x10000110                isr_irq36
                0x10000110                isr_irq41
                0x10000110                isr_irq0
                0x10000110                isr_irq6
                0x10000110                isr_irq26
                0x10000110                isr_irq29
                0x10000110                isr_memmanage
                0x10000110                isr_irq37
                0x10000110                isr_irq42
                0x10000110                isr_irq22
                0x10000110                isr_irq35
                0x10000110                isr_irq17
                0x10000110                isr_irq38
                0x10000110                isr_irq14
                0x10000110                __vectors_end
                0x10000110                __default_isrs_start
                0x10000110                isr_irq2
                0x10000110                isr_irq10
                0x10000110                isr_irq8
                0x10000110                isr_debugmonitor
                0x10000110                isr_irq24
                0x10000110                isr_irq46
                0x10000110                isr_irq1
                0x10000110                isr_irq47
                0x10000110                isr_irq51
                0x10000110                isr_irq7
                0x10000110                isr_irq21
                0x10000110                isr_irq39
                0x10000110                isr_irq20
                0x10000110                isr_irq15
                0x10000110                isr_irq25
                0x10000110                isr_irq34
                0x10000110                isr_irq44
                0x10000110                isr_securefault
                0x10000110                isr_irq4
                0x10000110                isr_busfault
                0x10000110                isr_irq16
                0x10000110                isr_irq9
                0x10000116                unhandled_user_irq_num_in_r0
                0x10000118                isr_invalid
                0x1000011a                isr_nmi
                0x1000011c                isr_hardfault
                0x1000011e                isr_svcall
                0x10000120                isr_pendsv
                0x10000122                isr_systick
                0x10000124                __default_isrs_end
 *(.binary_info_header)
 .binary_info_header
                0x10000124       0x14 CMakeFiles/sniffer_mil.dir/C_/Users/User/.pico-sdk/sdk/2.2.0/src/rp2_common/pico_crt0/crt0.S.obj
                0x10000138                        __binary_info_header_end = .
 *(.embedded_block)
 .embedded_block
                0x10000138       0x14 CMakeFiles/sniffer_mil.dir/C_/Users/User/.pico-sdk/sdk/2.2.0/src/rp2_common/pico_crt0/crt0.S.obj
                0x1000014c                        __embedded_block_end = .
 *(.reset)
 .reset         0x1000014c       0x98 CMakeFiles/sniffer_mil.dir/C_/Users/User/.pico-sdk/sdk/2.2.0/src/rp2_common/pico_crt0/crt0.S.obj
                0x1000014c                _entry_point
 *(.init)
 .init          0x100001e4        0x4 C:/Users/User/.pico-sdk/toolchain/14_2_Rel1/bin/../lib/gcc/arm-none-eabi/14.2.1/thumb/v8-m.main+fp/softfp/crti.o
                0x100001e4                _init
 SORT_BY_NAME(REVERSE(*libgcc.a:cmse_nonsecure_call.o))()
 *(EXCLUDE_FILE(*libm.a: *libc.a:*lib_a-mem*.o *libgcc.a:) .text*)
 .text.register_tm_clones
                0x100001e8       0x28 C:/Users/User/.pico-sdk/toolchain/14_2_Rel1/bin/../lib/gcc/arm-none-eabi/14.2.1/thumb/v8-m.main+fp/softfp/crtbegin.o
 .text.frame_dummy
                0x10000210       0x24 C:/Users/User/.pico-sdk/toolchain/14_2_Rel1/bin/../lib/gcc/arm-none-eabi/14.2.1/thumb/v8-m.main+fp/softfp/crtbegin.o
 .text.read_and_print_status.isra.0
                0x10000234       0xf0 CMakeFiles/sniffer_mil.dir/main.c.obj
 .text.startup.main
                0x10000324      0x2e0 CMakeFiles/sniffer_mil.dir/main.c.obj
                0x10000324                main
 .text.bus_init
                0x10000604       0x20 CMakeFiles/sniffer_mil.dir/bus/bus.c.obj
                0x10000604                bus_init
 .text.bus_set_rx_mode
                0x10000624       0x14 CMakeFiles/sniffer_mil.dir/bus/bus.c.obj
                0x10000624                bus_set_rx_mode
 .text.bus_read_bit
                0x10000638       0x68 CMakeFiles/sniffer_mil.dir/bus/bus.c.obj
                0x10000638                bus_read_bit
 .text.bus_read_sync
                0x100006a0       0xa0 CMakeFiles/sniffer_mil.dir/bus/bus.c.obj
                0x100006a0                bus_read_sync
 .text.bus_read_word16_parity
                0x10000740      0x10c CMakeFiles/sniffer_mil.dir/bus/bus.c.obj
                0x10000740                bus_read_word16_parity
 .text.mil1553_decode_command
                0x1000084c       0x2c CMakeFiles/sniffer_mil.dir/mil1553_words.c.obj
                0x1000084c                mil1553_decode_command
 .text.mil1553_decode_status
                0x10000878       0x38 CMakeFiles/sniffer_mil.dir/mil1553_words.c.obj
                0x10000878                mil1553_decode_status
 .text.gpio_init
                0x100008b0       0x48 CMakeFiles/sniffer_mil.dir/C_/Users/User/.pico-sdk/sdk/2.2.0/src/rp2_common/hardware_gpio/gpio.c.obj
                0x100008b0                gpio_init
 .text.panic    0x100008f8       0x30 CMakeFiles/sniffer_mil.dir/C_/Users/User/.pico-sdk/sdk/2.2.0/src/rp2_common/pico_platform_panic/panic.c.obj
                0x100008f8                panic
 .text.hw_claim_or_assert
                0x10000928       0x58 CMakeFiles/sniffer_mil.dir/C_/Users/User/.pico-sdk/sdk/2.2.0/src/common/hardware_claim/claim.c.obj
                0x10000928                hw_claim_or_assert
 .text.hw_claim_unused_from_range
                0x10000980       0x80 CMakeFiles/sniffer_mil.dir/C_/Users/User/.pico-sdk/sdk/2.2.0/src/common/hardware_claim/claim.c.obj
                0x10000980                hw_claim_unused_from_range
 .text.next_striped_spin_lock_num
                0x10000a00       0x18 CMakeFiles/sniffer_mil.dir/C_/Users/User/.pico-sdk/sdk/2.2.0/src/rp2_common/hardware_sync/sync.c.obj
                0x10000a00                next_striped_spin_lock_num
 .text.spin_lock_claim_unused
                0x10000a18       0x20 CMakeFiles/sniffer_mil.dir/C_/Users/User/.pico-sdk/sdk/2.2.0/src/rp2_common/hardware_sync/sync.c.obj
                0x10000a18                spin_lock_claim_unused
 .text.spinlock_set_extexclall
                0x10000a38       0x10 CMakeFiles/sniffer_mil.dir/C_/Users/User/.pico-sdk/sdk/2.2.0/src/rp2_common/hardware_sync_spin_lock/sync_spin_lock.c.obj
 .text.spin_locks_reset
                0x10000a48       0x18 CMakeFiles/sniffer_mil.dir/C_/Users/User/.pico-sdk/sdk/2.2.0/src/rp2_common/hardware_sync_spin_lock/sync_spin_lock.c.obj
                0x10000a48                spin_locks_reset
 .text.runtime_init_per_core_irq_priorities
                0x10000a60       0x40 CMakeFiles/sniffer_mil.dir/C_/Users/User/.pico-sdk/sdk/2.2.0/src/rp2_common/hardware_irq/irq.c.obj
                0x10000a60                runtime_init_per_core_irq_priorities
 .text.irq_set_enabled
                0x10000aa0       0x2c CMakeFiles/sniffer_mil.dir/C_/Users/User/.pico-sdk/sdk/2.2.0/src/rp2_common/hardware_irq/irq.c.obj
                0x10000aa0                irq_set_enabled
 .text.irq_is_enabled
                0x10000acc       0x20 CMakeFiles/sniffer_mil.dir/C_/Users/User/.pico-sdk/sdk/2.2.0/src/rp2_common/hardware_irq/irq.c.obj
                0x10000acc                irq_is_enabled
 .text.irq_set_pending
                0x10000aec       0x18 CMakeFiles/sniffer_mil.dir/C_/Users/User/.pico-sdk/sdk/2.2.0/src/rp2_common/hardware_irq/irq.c.obj
                0x10000aec                irq_set_pending
 .text.irq_has_shared_handler
                0x10000b04       0x20 CMakeFiles/sniffer_mil.dir/C_/Users/User/.pico-sdk/sdk/2.2.0/src/rp2_common/hardware_irq/irq.c.obj
                0x10000b04                irq_has_shared_handler
 .text.irq_set_exclusive_handler
                0x10000b24       0x60 CMakeFiles/sniffer_mil.dir/C_/Users/User/.pico-sdk/sdk/2.2.0/src/rp2_common/hardware_irq/irq.c.obj
                0x10000b24                irq_set_exclusive_handler
 .text.irq_add_shared_handler
                0x10000b84      0x1e8 CMakeFiles/sniffer_mil.dir/C_/Users/User/.pico-sdk/sdk/2.2.0/src/rp2_common/hardware_irq/irq.c.obj
                0x10000b84                irq_add_shared_handler
 .text.irq_add_tail_to_free_list
                0x10000d6c       0xbc CMakeFiles/sniffer_mil.dir/C_/Users/User/.pico-sdk/sdk/2.2.0/src/rp2_common/hardware_irq/irq.c.obj
                0x10000d6c                irq_add_tail_to_free_list
 .text.user_irq_claim_unused
                0x10000e28       0x28 CMakeFiles/sniffer_mil.dir/C_/Users/User/.pico-sdk/sdk/2.2.0/src/rp2_common/hardware_irq/irq.c.obj
                0x10000e28                user_irq_claim_unused
 .text.lock_init
                0x10000e50        0xc CMakeFiles/sniffer_mil.dir/C_/Users/User/.pico-sdk/sdk/2.2.0/src/common/pico_sync/lock_core.c.obj
                0x10000e50                lock_init
 .text.runtime_init_mutex
                0x10000e5c       0x4c CMakeFiles/sniffer_mil.dir/C_/Users/User/.pico-sdk/sdk/2.2.0/src/common/pico_sync/mutex.c.obj
                0x10000e5c                runtime_init_mutex
 .text.mutex_init
                0x10000ea8       0x1c CMakeFiles/sniffer_mil.dir/C_/Users/User/.pico-sdk/sdk/2.2.0/src/common/pico_sync/mutex.c.obj
                0x10000ea8                mutex_init
 .text.critical_section_init
                0x10000ec4       0x1c CMakeFiles/sniffer_mil.dir/C_/Users/User/.pico-sdk/sdk/2.2.0/src/common/pico_sync/critical_section.c.obj
                0x10000ec4                critical_section_init
 .text.critical_section_init_with_lock_num
                0x10000ee0       0x10 CMakeFiles/sniffer_mil.dir/C_/Users/User/.pico-sdk/sdk/2.2.0/src/common/pico_sync/critical_section.c.obj
                0x10000ee0                critical_section_init_with_lock_num
 .text.sleep_until_callback
                0x10000ef0       0x3c CMakeFiles/sniffer_mil.dir/C_/Users/User/.pico-sdk/sdk/2.2.0/src/common/pico_time/time.c.obj
 *fill*         0x10000f2c        0x4 
 .text.alarm_pool_irq_handler
                0x10000f30      0x2f0 CMakeFiles/sniffer_mil.dir/C_/Users/User/.pico-sdk/sdk/2.2.0/src/common/pico_time/time.c.obj
 .text.runtime_init_default_alarm_pool
                0x10001220      0x100 CMakeFiles/sniffer_mil.dir/C_/Users/User/.pico-sdk/sdk/2.2.0/src/common/pico_time/time.c.obj
                0x10001220                runtime_init_default_alarm_pool
 .text.alarm_pool_get_default
                0x10001320        0x8 CMakeFiles/sniffer_mil.dir/C_/Users/User/.pico-sdk/sdk/2.2.0/src/common/pico_time/time.c.obj
                0x10001320                alarm_pool_get_default
 .text.alarm_pool_add_alarm_at
                0x10001328       0xdc CMakeFiles/sniffer_mil.dir/C_/Users/User/.pico-sdk/sdk/2.2.0/src/common/pico_time/time.c.obj
                0x10001328                alarm_pool_add_alarm_at
 .text.alarm_pool_add_alarm_at_force_in_context
                0x10001404       0xc8 CMakeFiles/sniffer_mil.dir/C_/Users/User/.pico-sdk/sdk/2.2.0/src/common/pico_time/time.c.obj
                0x10001404                alarm_pool_add_alarm_at_force_in_context
 .text.alarm_pool_cancel_alarm
                0x100014cc       0x80 CMakeFiles/sniffer_mil.dir/C_/Users/User/.pico-sdk/sdk/2.2.0/src/common/pico_time/time.c.obj
                0x100014cc                alarm_pool_cancel_alarm
 .text.alarm_pool_core_num
                0x1000154c        0x4 CMakeFiles/sniffer_mil.dir/C_/Users/User/.pico-sdk/sdk/2.2.0/src/common/pico_time/time.c.obj
                0x1000154c                alarm_pool_core_num
 .text.sleep_us
                0x10001550       0xd8 CMakeFiles/sniffer_mil.dir/C_/Users/User/.pico-sdk/sdk/2.2.0/src/common/pico_time/time.c.obj
                0x10001550                sleep_us
 .text.sleep_ms
                0x10001628       0xdc CMakeFiles/sniffer_mil.dir/C_/Users/User/.pico-sdk/sdk/2.2.0/src/common/pico_time/time.c.obj
                0x10001628                sleep_ms
 .text.best_effort_wfe_or_timeout
                0x10001704       0xd4 CMakeFiles/sniffer_mil.dir/C_/Users/User/.pico-sdk/sdk/2.2.0/src/common/pico_time/time.c.obj
                0x10001704                best_effort_wfe_or_timeout
 .text.timer_hardware_alarm_claim
                0x100017d8       0x24 CMakeFiles/sniffer_mil.dir/C_/Users/User/.pico-sdk/sdk/2.2.0/src/rp2_common/hardware_timer/timer.c.obj
                0x100017d8                timer_hardware_alarm_claim
 .text.timer_time_us_64
                0x100017fc       0x10 CMakeFiles/sniffer_mil.dir/C_/Users/User/.pico-sdk/sdk/2.2.0/src/rp2_common/hardware_timer/timer.c.obj
                0x100017fc                timer_time_us_64
 .text.time_us_64
                0x1000180c       0x14 CMakeFiles/sniffer_mil.dir/C_/Users/User/.pico-sdk/sdk/2.2.0/src/rp2_common/hardware_timer/timer.c.obj
                0x1000180c                time_us_64
 .text.busy_wait_until
                0x10001820       0x24 CMakeFiles/sniffer_mil.dir/C_/Users/User/.pico-sdk/sdk/2.2.0/src/rp2_common/hardware_timer/timer.c.obj
                0x10001820                busy_wait_until
 .text.clock_configure_undivided
                0x10001844       0xd0 CMakeFiles/sniffer_mil.dir/C_/Users/User/.pico-sdk/sdk/2.2.0/src/rp2_common/hardware_clocks/clocks.c.obj
                0x10001844                clock_configure_undivided
 .text.clock_get_hz
                0x10001914        0xc CMakeFiles/sniffer_mil.dir/C_/Users/User/.pico-sdk/sdk/2.2.0/src/rp2_common/hardware_clocks/clocks.c.obj
                0x10001914                clock_get_hz
 .text.pll_init
                0x10001920       0x8c CMakeFiles/sniffer_mil.dir/C_/Users/User/.pico-sdk/sdk/2.2.0/src/rp2_common/hardware_pll/pll.c.obj
                0x10001920                pll_init
 .text.watchdog_reboot
                0x100019ac       0x98 CMakeFiles/sniffer_mil.dir/C_/Users/User/.pico-sdk/sdk/2.2.0/src/rp2_common/hardware_watchdog/watchdog.c.obj
                0x100019ac                watchdog_reboot
 .text.tick_start
                0x10001a44       0x18 CMakeFiles/sniffer_mil.dir/C_/Users/User/.pico-sdk/sdk/2.2.0/src/rp2_common/hardware_ticks/ticks.c.obj
                0x10001a44                tick_start
 .text.rom_reboot.constprop.0.isra.0
                0x10001a5c       0x34 CMakeFiles/sniffer_mil.dir/C_/Users/User/.pico-sdk/sdk/2.2.0/src/rp2_common/pico_bootrom/bootrom.c.obj
 .text.rom_func_lookup
                0x10001a90       0x18 CMakeFiles/sniffer_mil.dir/C_/Users/User/.pico-sdk/sdk/2.2.0/src/rp2_common/pico_bootrom/bootrom.c.obj
                0x10001a90                rom_func_lookup
 .text.rom_reset_usb_boot_extra
                0x10001aa8       0x1c CMakeFiles/sniffer_mil.dir/C_/Users/User/.pico-sdk/sdk/2.2.0/src/rp2_common/pico_bootrom/bootrom.c.obj
                0x10001aa8                rom_reset_usb_boot_extra
 .text.runtime_init_bootrom_locking_enable
                0x10001ac4       0x14 CMakeFiles/sniffer_mil.dir/C_/Users/User/.pico-sdk/sdk/2.2.0/src/rp2_common/pico_bootrom/bootrom_lock.c.obj
                0x10001ac4                runtime_init_bootrom_locking_enable
 .text.runtime_init_boot_locks_reset
                0x10001ad8       0x1c CMakeFiles/sniffer_mil.dir/C_/Users/User/.pico-sdk/sdk/2.2.0/src/rp2_common/hardware_boot_lock/boot_lock.c.obj
                0x10001ad8                runtime_init_boot_locks_reset
 .text.xosc_init
                0x10001af4       0x30 CMakeFiles/sniffer_mil.dir/C_/Users/User/.pico-sdk/sdk/2.2.0/src/rp2_common/hardware_xosc/xosc.c.obj
                0x10001af4                xosc_init
 .text.first_per_core_initializer
                0x10001b24        0x4 CMakeFiles/sniffer_mil.dir/C_/Users/User/.pico-sdk/sdk/2.2.0/src/rp2_common/pico_runtime/runtime.c.obj
 .text.hard_assertion_failure
                0x10001b28        0xc CMakeFiles/sniffer_mil.dir/C_/Users/User/.pico-sdk/sdk/2.2.0/src/rp2_common/pico_runtime/runtime.c.obj
                0x10001b28                hard_assertion_failure
 .text.runtime_run_initializers
                0x10001b34       0x20 CMakeFiles/sniffer_mil.dir/C_/Users/User/.pico-sdk/sdk/2.2.0/src/rp2_common/pico_runtime/runtime.c.obj
                0x10001b34                runtime_run_initializers
 .text.runtime_init_early_resets
                0x10001b54       0x34 CMakeFiles/sniffer_mil.dir/C_/Users/User/.pico-sdk/sdk/2.2.0/src/rp2_common/pico_runtime_init/runtime_init.c.obj
                0x10001b54                runtime_init_early_resets
 .text.runtime_init_usb_power_down
                0x10001b88       0x1c CMakeFiles/sniffer_mil.dir/C_/Users/User/.pico-sdk/sdk/2.2.0/src/rp2_common/pico_runtime_init/runtime_init.c.obj
                0x10001b88                runtime_init_usb_power_down
 .text.runtime_init_per_core_enable_coprocessors
                0x10001ba4       0x1c CMakeFiles/sniffer_mil.dir/C_/Users/User/.pico-sdk/sdk/2.2.0/src/rp2_common/pico_runtime_init/runtime_init.c.obj
                0x10001ba4                runtime_init_per_core_enable_coprocessors
 .text.runtime_init_post_clock_resets
                0x10001bc0       0x20 CMakeFiles/sniffer_mil.dir/C_/Users/User/.pico-sdk/sdk/2.2.0/src/rp2_common/pico_runtime_init/runtime_init.c.obj
                0x10001bc0                runtime_init_post_clock_resets
 .text.runtime_init_bootrom_reset
                0x10001be0       0x14 CMakeFiles/sniffer_mil.dir/C_/Users/User/.pico-sdk/sdk/2.2.0/src/rp2_common/pico_runtime_init/runtime_init.c.obj
                0x10001be0                runtime_init_bootrom_reset
 .text.runtime_init_per_core_bootrom_reset
                0x10001bf4       0x14 CMakeFiles/sniffer_mil.dir/C_/Users/User/.pico-sdk/sdk/2.2.0/src/rp2_common/pico_runtime_init/runtime_init.c.obj
                0x10001bf4                runtime_init_per_core_bootrom_reset
 .text.runtime_init_spin_locks_reset
                0x10001c08        0x4 CMakeFiles/sniffer_mil.dir/C_/Users/User/.pico-sdk/sdk/2.2.0/src/rp2_common/pico_runtime_init/runtime_init.c.obj
                0x10001c08                runtime_init_spin_locks_reset
 .text.runtime_init_install_ram_vector_table
                0x10001c0c       0x68 CMakeFiles/sniffer_mil.dir/C_/Users/User/.pico-sdk/sdk/2.2.0/src/rp2_common/pico_runtime_init/runtime_init.c.obj
                0x10001c0c                runtime_init_install_ram_vector_table
 .text.runtime_init_clocks
                0x10001c74       0xdc CMakeFiles/sniffer_mil.dir/C_/Users/User/.pico-sdk/sdk/2.2.0/src/rp2_common/pico_runtime_init/runtime_init_clocks.c.obj
                0x10001c74                runtime_init_clocks
 .text.__rp2350_dcp_engaged_state_save_restore
                0x10001d50       0x3a CMakeFiles/sniffer_mil.dir/C_/Users/User/.pico-sdk/sdk/2.2.0/src/rp2_common/pico_double/double_aeabi_dcp.S.obj
 *fill*         0x10001d8a        0x2 
 .text.__wrap___aeabi_dadd
                0x10001d8c       0x28 CMakeFiles/sniffer_mil.dir/C_/Users/User/.pico-sdk/sdk/2.2.0/src/rp2_common/pico_double/double_aeabi_dcp.S.obj
                0x10001d94                __wrap___aeabi_dadd
 .text.__wrap___aeabi_dsub
                0x10001db4       0x28 CMakeFiles/sniffer_mil.dir/C_/Users/User/.pico-sdk/sdk/2.2.0/src/rp2_common/pico_double/double_aeabi_dcp.S.obj
                0x10001dbc                __wrap___aeabi_dsub
 .text.__wrap___aeabi_dmul
                0x10001ddc       0x4c CMakeFiles/sniffer_mil.dir/C_/Users/User/.pico-sdk/sdk/2.2.0/src/rp2_common/pico_double/double_aeabi_dcp.S.obj
                0x10001de4                __wrap___aeabi_dmul
 .text.__wrap___aeabi_ddiv
                0x10001e28       0x9c CMakeFiles/sniffer_mil.dir/C_/Users/User/.pico-sdk/sdk/2.2.0/src/rp2_common/pico_double/double_aeabi_dcp.S.obj
                0x10001e30                __wrap___aeabi_ddiv
 .text.__wrap___aeabi_i2d
                0x10001ec4       0x24 CMakeFiles/sniffer_mil.dir/C_/Users/User/.pico-sdk/sdk/2.2.0/src/rp2_common/pico_double/double_aeabi_dcp.S.obj
                0x10001ecc                int2double
                0x10001ecc                __wrap___aeabi_i2d
 .text.__wrap___aeabi_ui2d
                0x10001ee8       0x24 CMakeFiles/sniffer_mil.dir/C_/Users/User/.pico-sdk/sdk/2.2.0/src/rp2_common/pico_double/double_aeabi_dcp.S.obj
                0x10001ef0                uint2double
                0x10001ef0                __wrap___aeabi_ui2d
 .text.__wrap___aeabi_d2iz
                0x10001f0c       0x24 CMakeFiles/sniffer_mil.dir/C_/Users/User/.pico-sdk/sdk/2.2.0/src/rp2_common/pico_double/double_aeabi_dcp.S.obj
                0x10001f14                double2int_z
                0x10001f14                __wrap___aeabi_d2iz
 .text.__wrap___aeabi_d2uiz
                0x10001f30       0x24 CMakeFiles/sniffer_mil.dir/C_/Users/User/.pico-sdk/sdk/2.2.0/src/rp2_common/pico_double/double_aeabi_dcp.S.obj
                0x10001f38                double2uint
                0x10001f38                __wrap___aeabi_d2uiz
                0x10001f38                double2uint_z
 .text.__wrap___aeabi_dcmpun
                0x10001f54       0x24 CMakeFiles/sniffer_mil.dir/C_/Users/User/.pico-sdk/sdk/2.2.0/src/rp2_common/pico_double/double_aeabi_dcp.S.obj
                0x10001f5c                __wrap___aeabi_dcmpun
 .text.__wrap___aeabi_dcmplt
                0x10001f78       0x28 CMakeFiles/sniffer_mil.dir/C_/Users/User/.pico-sdk/sdk/2.2.0/src/rp2_common/pico_double/double_aeabi_dcp.S.obj
                0x10001f80                __wrap___aeabi_dcmplt
 .text.__wrap___aeabi_dcmple
                0x10001fa0       0x28 CMakeFiles/sniffer_mil.dir/C_/Users/User/.pico-sdk/sdk/2.2.0/src/rp2_common/pico_double/double_aeabi_dcp.S.obj
                0x10001fa8                __wrap___aeabi_dcmple
 .text.__wrap___aeabi_dcmpge
                0x10001fc8       0x28 CMakeFiles/sniffer_mil.dir/C_/Users/User/.pico-sdk/sdk/2.2.0/src/rp2_common/pico_double/double_aeabi_dcp.S.obj
                0x10001fd0                __wrap___aeabi_dcmpge
 .text.__wrap___aeabi_dcmpgt
                0x10001ff0       0x28 CMakeFiles/sniffer_mil.dir/C_/Users/User/.pico-sdk/sdk/2.2.0/src/rp2_common/pico_double/double_aeabi_dcp.S.obj
                0x10001ff8                __wrap___aeabi_dcmpgt
 .text._out_null
                0x10002018        0x4 CMakeFiles/sniffer_mil.dir/C_/Users/User/.pico-sdk/sdk/2.2.0/src/rp2_common/pico_printf/printf.c.obj
 .text._out_rev
                0x1000201c       0x9c CMakeFiles/sniffer_mil.dir/C_/Users/User/.pico-sdk/sdk/2.2.0/src/rp2_common/pico_printf/printf.c.obj
 .text._ntoa_format
                0x100020b8      0x1d4 CMakeFiles/sniffer_mil.dir/C_/Users/User/.pico-sdk/sdk/2.2.0/src/rp2_common/pico_printf/printf.c.obj
 .text._out_char
                0x1000228c        0x8 CMakeFiles/sniffer_mil.dir/C_/Users/User/.pico-sdk/sdk/2.2.0/src/rp2_common/pico_printf/printf.c.obj
 .text._out_fct
                0x10002294        0xc CMakeFiles/sniffer_mil.dir/C_/Users/User/.pico-sdk/sdk/2.2.0/src/rp2_common/pico_printf/printf.c.obj
 .text._ftoa    0x100022a0      0x4bc CMakeFiles/sniffer_mil.dir/C_/Users/User/.pico-sdk/sdk/2.2.0/src/rp2_common/pico_printf/printf.c.obj
 *fill*         0x1000275c        0x4 
 .text._etoa    0x10002760      0x574 CMakeFiles/sniffer_mil.dir/C_/Users/User/.pico-sdk/sdk/2.2.0/src/rp2_common/pico_printf/printf.c.obj
 .text._vsnprintf
                0x10002cd4      0x9e4 CMakeFiles/sniffer_mil.dir/C_/Users/User/.pico-sdk/sdk/2.2.0/src/rp2_common/pico_printf/printf.c.obj
 .text.vfctprintf
                0x100036b8       0x28 CMakeFiles/sniffer_mil.dir/C_/Users/User/.pico-sdk/sdk/2.2.0/src/rp2_common/pico_printf/printf.c.obj
                0x100036b8                vfctprintf
 .text.weak_raw_vprintf
                0x100036e0       0x30 CMakeFiles/sniffer_mil.dir/C_/Users/User/.pico-sdk/sdk/2.2.0/src/rp2_common/pico_printf/printf.c.obj
                0x100036e0                weak_raw_vprintf
 .text._exit    0x10003710        0x4 CMakeFiles/sniffer_mil.dir/C_/Users/User/.pico-sdk/sdk/2.2.0/src/rp2_common/pico_clib_interface/newlib_interface.c.obj
                0x10003710                _exit
 .text.exit     0x10003714        0x8 CMakeFiles/sniffer_mil.dir/C_/Users/User/.pico-sdk/sdk/2.2.0/src/rp2_common/pico_clib_interface/newlib_interface.c.obj
                0x10003714                exit
 .text.runtime_init
                0x1000371c       0x24 CMakeFiles/sniffer_mil.dir/C_/Users/User/.pico-sdk/sdk/2.2.0/src/rp2_common/pico_clib_interface/newlib_interface.c.obj
                0x1000371c                runtime_init
 .text.stdio_out_chars_no_crlf
                0x10003740        0x8 CMakeFiles/sniffer_mil.dir/C_/Users/User/.pico-sdk/sdk/2.2.0/src/rp2_common/pico_stdio/stdio.c.obj
 .text.stdio_out_chars_crlf
                0x10003748       0xb0 CMakeFiles/sniffer_mil.dir/C_/Users/User/.pico-sdk/sdk/2.2.0/src/rp2_common/pico_stdio/stdio.c.obj
 .text.stdio_buffered_printer
                0x100037f8       0x60 CMakeFiles/sniffer_mil.dir/C_/Users/User/.pico-sdk/sdk/2.2.0/src/rp2_common/pico_stdio/stdio.c.obj
 .text.stdio_put_string
                0x10003858       0xec CMakeFiles/sniffer_mil.dir/C_/Users/User/.pico-sdk/sdk/2.2.0/src/rp2_common/pico_stdio/stdio.c.obj
                0x10003858                stdio_put_string
 .text.stdio_set_driver_enabled
                0x10003944       0x28 CMakeFiles/sniffer_mil.dir/C_/Users/User/.pico-sdk/sdk/2.2.0/src/rp2_common/pico_stdio/stdio.c.obj
                0x10003944                stdio_set_driver_enabled
 .text.stdio_init_all
                0x1000396c        0x4 CMakeFiles/sniffer_mil.dir/C_/Users/User/.pico-sdk/sdk/2.2.0/src/rp2_common/pico_stdio/stdio.c.obj
                0x1000396c                stdio_init_all
 .text.__wrap_putchar
                0x10003970       0x84 CMakeFiles/sniffer_mil.dir/C_/Users/User/.pico-sdk/sdk/2.2.0/src/rp2_common/pico_stdio/stdio.c.obj
                0x10003970                __wrap_putchar
                0x10003970                stdio_putchar
 .text.__wrap_puts
                0x100039f4       0x3c CMakeFiles/sniffer_mil.dir/C_/Users/User/.pico-sdk/sdk/2.2.0/src/rp2_common/pico_stdio/stdio.c.obj
                0x100039f4                stdio_puts
                0x100039f4                __wrap_puts
 .text.__wrap_vprintf
                0x10003a30       0xc4 CMakeFiles/sniffer_mil.dir/C_/Users/User/.pico-sdk/sdk/2.2.0/src/rp2_common/pico_stdio/stdio.c.obj
                0x10003a30                stdio_vprintf
                0x10003a30                __wrap_vprintf
 .text.__wrap_printf
                0x10003af4       0x1c CMakeFiles/sniffer_mil.dir/C_/Users/User/.pico-sdk/sdk/2.2.0/src/rp2_common/pico_stdio/stdio.c.obj
                0x10003af4                __wrap_printf
                0x10003af4                stdio_printf
 .text.resetd_init
                0x10003b10        0x4 CMakeFiles/sniffer_mil.dir/C_/Users/User/.pico-sdk/sdk/2.2.0/src/rp2_common/pico_stdio_usb/reset_interface.c.obj
 .text.resetd_reset
                0x10003b14        0xc CMakeFiles/sniffer_mil.dir/C_/Users/User/.pico-sdk/sdk/2.2.0/src/rp2_common/pico_stdio_usb/reset_interface.c.obj
 .text.resetd_open
                0x10003b20       0x28 CMakeFiles/sniffer_mil.dir/C_/Users/User/.pico-sdk/sdk/2.2.0/src/rp2_common/pico_stdio_usb/reset_interface.c.obj
 .text.resetd_xfer_cb
                0x10003b48        0x4 CMakeFiles/sniffer_mil.dir/C_/Users/User/.pico-sdk/sdk/2.2.0/src/rp2_common/pico_stdio_usb/reset_interface.c.obj
 .text.resetd_control_xfer_cb
                0x10003b4c       0x50 CMakeFiles/sniffer_mil.dir/C_/Users/User/.pico-sdk/sdk/2.2.0/src/rp2_common/pico_stdio_usb/reset_interface.c.obj
 .text.tud_descriptor_bos_cb
                0x10003b9c        0x8 CMakeFiles/sniffer_mil.dir/C_/Users/User/.pico-sdk/sdk/2.2.0/src/rp2_common/pico_stdio_usb/reset_interface.c.obj
                0x10003b9c                tud_descriptor_bos_cb
 .text.tud_vendor_control_xfer_cb
                0x10003ba4       0x28 CMakeFiles/sniffer_mil.dir/C_/Users/User/.pico-sdk/sdk/2.2.0/src/rp2_common/pico_stdio_usb/reset_interface.c.obj
                0x10003ba4                tud_vendor_control_xfer_cb
 .text.usbd_app_driver_get_cb
                0x10003bcc       0x10 CMakeFiles/sniffer_mil.dir/C_/Users/User/.pico-sdk/sdk/2.2.0/src/rp2_common/pico_stdio_usb/reset_interface.c.obj
                0x10003bcc                usbd_app_driver_get_cb
 .text.tud_cdc_line_coding_cb
                0x10003bdc       0x18 CMakeFiles/sniffer_mil.dir/C_/Users/User/.pico-sdk/sdk/2.2.0/src/rp2_common/pico_stdio_usb/reset_interface.c.obj
                0x10003bdc                tud_cdc_line_coding_cb
 .text.stdio_usb_set_chars_available_callback
                0x10003bf4       0x14 CMakeFiles/sniffer_mil.dir/C_/Users/User/.pico-sdk/sdk/2.2.0/src/rp2_common/pico_stdio_usb/stdio_usb.c.obj
                0x10003bf4                stdio_usb_set_chars_available_callback
 .text.timer_task
                0x10003c08       0x70 CMakeFiles/sniffer_mil.dir/C_/Users/User/.pico-sdk/sdk/2.2.0/src/rp2_common/pico_stdio_usb/stdio_usb.c.obj
 .text.usb_irq  0x10003c78        0xc CMakeFiles/sniffer_mil.dir/C_/Users/User/.pico-sdk/sdk/2.2.0/src/rp2_common/pico_stdio_usb/stdio_usb.c.obj
 .text.stdio_usb_in_chars
                0x10003c84       0x88 CMakeFiles/sniffer_mil.dir/C_/Users/User/.pico-sdk/sdk/2.2.0/src/rp2_common/pico_stdio_usb/stdio_usb.c.obj
                0x10003c84                stdio_usb_in_chars
 .text.stdio_usb_out_flush
                0x10003d0c       0x54 CMakeFiles/sniffer_mil.dir/C_/Users/User/.pico-sdk/sdk/2.2.0/src/rp2_common/pico_stdio_usb/stdio_usb.c.obj
 .text.stdio_usb_out_chars
                0x10003d60       0xf4 CMakeFiles/sniffer_mil.dir/C_/Users/User/.pico-sdk/sdk/2.2.0/src/rp2_common/pico_stdio_usb/stdio_usb.c.obj
 .text.low_priority_worker_irq
                0x10003e54       0xd8 CMakeFiles/sniffer_mil.dir/C_/Users/User/.pico-sdk/sdk/2.2.0/src/rp2_common/pico_stdio_usb/stdio_usb.c.obj
 .text.stdio_usb_init
                0x10003f2c       0xe8 CMakeFiles/sniffer_mil.dir/C_/Users/User/.pico-sdk/sdk/2.2.0/src/rp2_common/pico_stdio_usb/stdio_usb.c.obj
                0x10003f2c                stdio_usb_init
 .text.tud_descriptor_device_cb
                0x10004014        0x8 CMakeFiles/sniffer_mil.dir/C_/Users/User/.pico-sdk/sdk/2.2.0/src/rp2_common/pico_stdio_usb/stdio_usb_descriptors.c.obj
                0x10004014                tud_descriptor_device_cb
 .text.tud_descriptor_configuration_cb
                0x1000401c        0x8 CMakeFiles/sniffer_mil.dir/C_/Users/User/.pico-sdk/sdk/2.2.0/src/rp2_common/pico_stdio_usb/stdio_usb_descriptors.c.obj
                0x1000401c                tud_descriptor_configuration_cb
 .text.tud_descriptor_string_cb
                0x10004024       0x70 CMakeFiles/sniffer_mil.dir/C_/Users/User/.pico-sdk/sdk/2.2.0/src/rp2_common/pico_stdio_usb/stdio_usb_descriptors.c.obj
                0x10004024                tud_descriptor_string_cb
 .text.startup._retrieve_unique_id_on_boot
                0x10004094       0x30 CMakeFiles/sniffer_mil.dir/C_/Users/User/.pico-sdk/sdk/2.2.0/src/rp2_common/pico_unique_id/unique_id.c.obj
 .text.pico_get_unique_board_id_string
                0x100040c4      0x184 CMakeFiles/sniffer_mil.dir/C_/Users/User/.pico-sdk/sdk/2.2.0/src/rp2_common/pico_unique_id/unique_id.c.obj
                0x100040c4                pico_get_unique_board_id_string
 .text.dcd_init
                0x10004248       0x8c CMakeFiles/sniffer_mil.dir/C_/Users/User/.pico-sdk/sdk/2.2.0/lib/tinyusb/src/portable/raspberrypi/rp2040/dcd_rp2040.c.obj
                0x10004248                dcd_init
 .text.dcd_int_enable
                0x100042d4        0x8 CMakeFiles/sniffer_mil.dir/C_/Users/User/.pico-sdk/sdk/2.2.0/lib/tinyusb/src/portable/raspberrypi/rp2040/dcd_rp2040.c.obj
                0x100042d4                dcd_int_enable
 .text.dcd_set_address
                0x100042dc       0x10 CMakeFiles/sniffer_mil.dir/C_/Users/User/.pico-sdk/sdk/2.2.0/lib/tinyusb/src/portable/raspberrypi/rp2040/dcd_rp2040.c.obj
                0x100042dc                dcd_set_address
 .text.dcd_sof_enable
                0x100042ec       0x1c CMakeFiles/sniffer_mil.dir/C_/Users/User/.pico-sdk/sdk/2.2.0/lib/tinyusb/src/portable/raspberrypi/rp2040/dcd_rp2040.c.obj
                0x100042ec                dcd_sof_enable
 .text.dcd_edpt0_status_complete
                0x10004308       0x1c CMakeFiles/sniffer_mil.dir/C_/Users/User/.pico-sdk/sdk/2.2.0/lib/tinyusb/src/portable/raspberrypi/rp2040/dcd_rp2040.c.obj
                0x10004308                dcd_edpt0_status_complete
 .text.dcd_edpt_open
                0x10004324      0x104 CMakeFiles/sniffer_mil.dir/C_/Users/User/.pico-sdk/sdk/2.2.0/lib/tinyusb/src/portable/raspberrypi/rp2040/dcd_rp2040.c.obj
                0x10004324                dcd_edpt_open
 .text.dcd_edpt_close_all
                0x10004428        0x4 CMakeFiles/sniffer_mil.dir/C_/Users/User/.pico-sdk/sdk/2.2.0/lib/tinyusb/src/portable/raspberrypi/rp2040/dcd_rp2040.c.obj
                0x10004428                dcd_edpt_close_all
 .text.dcd_edpt_xfer
                0x1000442c       0x28 CMakeFiles/sniffer_mil.dir/C_/Users/User/.pico-sdk/sdk/2.2.0/lib/tinyusb/src/portable/raspberrypi/rp2040/dcd_rp2040.c.obj
                0x1000442c                dcd_edpt_xfer
 .text.dcd_edpt_stall
                0x10004454       0x30 CMakeFiles/sniffer_mil.dir/C_/Users/User/.pico-sdk/sdk/2.2.0/lib/tinyusb/src/portable/raspberrypi/rp2040/dcd_rp2040.c.obj
                0x10004454                dcd_edpt_stall
 .text.dcd_edpt_clear_stall
                0x10004484       0x24 CMakeFiles/sniffer_mil.dir/C_/Users/User/.pico-sdk/sdk/2.2.0/lib/tinyusb/src/portable/raspberrypi/rp2040/dcd_rp2040.c.obj
                0x10004484                dcd_edpt_clear_stall
 .text.rp2040_usb_init
                0x100044a8       0x40 CMakeFiles/sniffer_mil.dir/C_/Users/User/.pico-sdk/sdk/2.2.0/lib/tinyusb/src/portable/raspberrypi/rp2040/rp2040_usb.c.obj
                0x100044a8                rp2040_usb_init
 .text.hw_endpoint_xfer_start
                0x100044e8       0x40 CMakeFiles/sniffer_mil.dir/C_/Users/User/.pico-sdk/sdk/2.2.0/lib/tinyusb/src/portable/raspberrypi/rp2040/rp2040_usb.c.obj
                0x100044e8                hw_endpoint_xfer_start
 .text.configuration_reset
                0x10004528       0x8c CMakeFiles/sniffer_mil.dir/C_/Users/User/.pico-sdk/sdk/2.2.0/lib/tinyusb/src/device/usbd.c.obj
 .text.tud_event_hook_cb
                0x100045b4        0x4 CMakeFiles/sniffer_mil.dir/C_/Users/User/.pico-sdk/sdk/2.2.0/lib/tinyusb/src/device/usbd.c.obj
                0x100045b4                tud_event_hook_cb
 .text.tud_sof_cb
                0x100045b8        0x4 CMakeFiles/sniffer_mil.dir/C_/Users/User/.pico-sdk/sdk/2.2.0/lib/tinyusb/src/device/usbd.c.obj
                0x100045b8                tud_sof_cb
 .text.tud_descriptor_device_qualifier_cb
                0x100045bc        0x4 CMakeFiles/sniffer_mil.dir/C_/Users/User/.pico-sdk/sdk/2.2.0/lib/tinyusb/src/device/usbd.c.obj
                0x100045bc                tud_descriptor_device_qualifier_cb
 .text.tud_descriptor_other_speed_configuration_cb
                0x100045c0        0x4 CMakeFiles/sniffer_mil.dir/C_/Users/User/.pico-sdk/sdk/2.2.0/lib/tinyusb/src/device/usbd.c.obj
                0x100045c0                tud_descriptor_other_speed_configuration_cb
 .text.tud_mount_cb
                0x100045c4        0x4 CMakeFiles/sniffer_mil.dir/C_/Users/User/.pico-sdk/sdk/2.2.0/lib/tinyusb/src/device/usbd.c.obj
                0x100045c4                tud_mount_cb
 .text.tud_umount_cb
                0x100045c8        0x4 CMakeFiles/sniffer_mil.dir/C_/Users/User/.pico-sdk/sdk/2.2.0/lib/tinyusb/src/device/usbd.c.obj
                0x100045c8                tud_umount_cb
 .text.tud_suspend_cb
                0x100045cc        0x4 CMakeFiles/sniffer_mil.dir/C_/Users/User/.pico-sdk/sdk/2.2.0/lib/tinyusb/src/device/usbd.c.obj
                0x100045cc                tud_suspend_cb
 .text.tud_resume_cb
                0x100045d0        0x4 CMakeFiles/sniffer_mil.dir/C_/Users/User/.pico-sdk/sdk/2.2.0/lib/tinyusb/src/device/usbd.c.obj
                0x100045d0                tud_resume_cb
 .text.tud_mounted
                0x100045d4       0x10 CMakeFiles/sniffer_mil.dir/C_/Users/User/.pico-sdk/sdk/2.2.0/lib/tinyusb/src/device/usbd.c.obj
                0x100045d4                tud_mounted
 .text.tud_suspended
                0x100045e4       0x10 CMakeFiles/sniffer_mil.dir/C_/Users/User/.pico-sdk/sdk/2.2.0/lib/tinyusb/src/device/usbd.c.obj
                0x100045e4                tud_suspended
 .text.tud_rhport_init
                0x100045f4       0xf4 CMakeFiles/sniffer_mil.dir/C_/Users/User/.pico-sdk/sdk/2.2.0/lib/tinyusb/src/device/usbd.c.obj
                0x100045f4                tud_rhport_init
 .text.tud_task_ext
                0x100046e8      0x784 CMakeFiles/sniffer_mil.dir/C_/Users/User/.pico-sdk/sdk/2.2.0/lib/tinyusb/src/device/usbd.c.obj
                0x100046e8                tud_task_ext
 .text.usbd_open_edpt_pair
                0x10004e6c       0x9c CMakeFiles/sniffer_mil.dir/C_/Users/User/.pico-sdk/sdk/2.2.0/lib/tinyusb/src/device/usbd.c.obj
                0x10004e6c                usbd_open_edpt_pair
 .text.usbd_edpt_open
                0x10004f08       0x44 CMakeFiles/sniffer_mil.dir/C_/Users/User/.pico-sdk/sdk/2.2.0/lib/tinyusb/src/device/usbd.c.obj
                0x10004f08                usbd_edpt_open
 .text.usbd_edpt_claim
                0x10004f4c       0x24 CMakeFiles/sniffer_mil.dir/C_/Users/User/.pico-sdk/sdk/2.2.0/lib/tinyusb/src/device/usbd.c.obj
                0x10004f4c                usbd_edpt_claim
 .text.usbd_edpt_release
                0x10004f70       0x24 CMakeFiles/sniffer_mil.dir/C_/Users/User/.pico-sdk/sdk/2.2.0/lib/tinyusb/src/device/usbd.c.obj
                0x10004f70                usbd_edpt_release
 .text.usbd_edpt_xfer
                0x10004f94       0x70 CMakeFiles/sniffer_mil.dir/C_/Users/User/.pico-sdk/sdk/2.2.0/lib/tinyusb/src/device/usbd.c.obj
                0x10004f94                usbd_edpt_xfer
 .text.tud_control_status
                0x10005004       0x34 CMakeFiles/sniffer_mil.dir/C_/Users/User/.pico-sdk/sdk/2.2.0/lib/tinyusb/src/device/usbd_control.c.obj
                0x10005004                tud_control_status
 .text.tud_control_xfer
                0x10005038       0xb0 CMakeFiles/sniffer_mil.dir/C_/Users/User/.pico-sdk/sdk/2.2.0/lib/tinyusb/src/device/usbd_control.c.obj
                0x10005038                tud_control_xfer
 .text.usbd_control_reset
                0x100050e8       0x14 CMakeFiles/sniffer_mil.dir/C_/Users/User/.pico-sdk/sdk/2.2.0/lib/tinyusb/src/device/usbd_control.c.obj
                0x100050e8                usbd_control_reset
 .text.usbd_control_set_complete_callback
                0x100050fc        0xc CMakeFiles/sniffer_mil.dir/C_/Users/User/.pico-sdk/sdk/2.2.0/lib/tinyusb/src/device/usbd_control.c.obj
                0x100050fc                usbd_control_set_complete_callback
 .text.usbd_control_set_request
                0x10005108       0x1c CMakeFiles/sniffer_mil.dir/C_/Users/User/.pico-sdk/sdk/2.2.0/lib/tinyusb/src/device/usbd_control.c.obj
                0x10005108                usbd_control_set_request
 .text.usbd_control_xfer_cb
                0x10005124      0x100 CMakeFiles/sniffer_mil.dir/C_/Users/User/.pico-sdk/sdk/2.2.0/lib/tinyusb/src/device/usbd_control.c.obj
                0x10005124                usbd_control_xfer_cb
 .text._prep_out_transaction.isra.0
                0x10005224       0x74 CMakeFiles/sniffer_mil.dir/C_/Users/User/.pico-sdk/sdk/2.2.0/lib/tinyusb/src/class/cdc/cdc_device.c.obj
 .text.tud_cdc_n_connected
                0x10005298       0x2c CMakeFiles/sniffer_mil.dir/C_/Users/User/.pico-sdk/sdk/2.2.0/lib/tinyusb/src/class/cdc/cdc_device.c.obj
                0x10005298                tud_cdc_n_connected
 .text.tud_cdc_n_available
                0x100052c4       0x14 CMakeFiles/sniffer_mil.dir/C_/Users/User/.pico-sdk/sdk/2.2.0/lib/tinyusb/src/class/cdc/cdc_device.c.obj
                0x100052c4                tud_cdc_n_available
 .text.tud_cdc_n_read
                0x100052d8       0x90 CMakeFiles/sniffer_mil.dir/C_/Users/User/.pico-sdk/sdk/2.2.0/lib/tinyusb/src/class/cdc/cdc_device.c.obj
                0x100052d8                tud_cdc_n_read
 .text.tud_cdc_n_write_flush
                0x10005368       0x8c CMakeFiles/sniffer_mil.dir/C_/Users/User/.pico-sdk/sdk/2.2.0/lib/tinyusb/src/class/cdc/cdc_device.c.obj
                0x10005368                tud_cdc_n_write_flush
 .text.tud_cdc_n_write
                0x100053f4       0x40 CMakeFiles/sniffer_mil.dir/C_/Users/User/.pico-sdk/sdk/2.2.0/lib/tinyusb/src/class/cdc/cdc_device.c.obj
                0x100053f4                tud_cdc_n_write
 .text.tud_cdc_n_write_available
                0x10005434       0x14 CMakeFiles/sniffer_mil.dir/C_/Users/User/.pico-sdk/sdk/2.2.0/lib/tinyusb/src/class/cdc/cdc_device.c.obj
                0x10005434                tud_cdc_n_write_available
 .text.cdcd_init
                0x10005448       0x70 CMakeFiles/sniffer_mil.dir/C_/Users/User/.pico-sdk/sdk/2.2.0/lib/tinyusb/src/class/cdc/cdc_device.c.obj
                0x10005448                cdcd_init
 .text.cdcd_deinit
                0x100054b8       0x30 CMakeFiles/sniffer_mil.dir/C_/Users/User/.pico-sdk/sdk/2.2.0/lib/tinyusb/src/class/cdc/cdc_device.c.obj
                0x100054b8                cdcd_deinit
 .text.cdcd_reset
                0x100054e8       0x4c CMakeFiles/sniffer_mil.dir/C_/Users/User/.pico-sdk/sdk/2.2.0/lib/tinyusb/src/class/cdc/cdc_device.c.obj
                0x100054e8                cdcd_reset
 .text.cdcd_open
                0x10005534       0xc0 CMakeFiles/sniffer_mil.dir/C_/Users/User/.pico-sdk/sdk/2.2.0/lib/tinyusb/src/class/cdc/cdc_device.c.obj
                0x10005534                cdcd_open
 .text.cdcd_control_xfer_cb
                0x100055f4       0xc0 CMakeFiles/sniffer_mil.dir/C_/Users/User/.pico-sdk/sdk/2.2.0/lib/tinyusb/src/class/cdc/cdc_device.c.obj
                0x100055f4                cdcd_control_xfer_cb
 .text.cdcd_xfer_cb
                0x100056b4       0xf8 CMakeFiles/sniffer_mil.dir/C_/Users/User/.pico-sdk/sdk/2.2.0/lib/tinyusb/src/class/cdc/cdc_device.c.obj
                0x100056b4                cdcd_xfer_cb
 .text.vendord_init
                0x100057ac       0x5c CMakeFiles/sniffer_mil.dir/C_/Users/User/.pico-sdk/sdk/2.2.0/lib/tinyusb/src/class/vendor/vendor_device.c.obj
                0x100057ac                vendord_init
 .text.vendord_deinit
                0x10005808       0x1c CMakeFiles/sniffer_mil.dir/C_/Users/User/.pico-sdk/sdk/2.2.0/lib/tinyusb/src/class/vendor/vendor_device.c.obj
                0x10005808                vendord_deinit
 .text.vendord_reset
                0x10005824       0x24 CMakeFiles/sniffer_mil.dir/C_/Users/User/.pico-sdk/sdk/2.2.0/lib/tinyusb/src/class/vendor/vendor_device.c.obj
                0x10005824                vendord_reset
 .text.vendord_open
                0x10005848       0xf4 CMakeFiles/sniffer_mil.dir/C_/Users/User/.pico-sdk/sdk/2.2.0/lib/tinyusb/src/class/vendor/vendor_device.c.obj
                0x10005848                vendord_open
 .text.vendord_xfer_cb
                0x1000593c       0x88 CMakeFiles/sniffer_mil.dir/C_/Users/User/.pico-sdk/sdk/2.2.0/lib/tinyusb/src/class/vendor/vendor_device.c.obj
                0x1000593c                vendord_xfer_cb
 .text.tusb_rhport_init
                0x100059c4       0x64 CMakeFiles/sniffer_mil.dir/C_/Users/User/.pico-sdk/sdk/2.2.0/lib/tinyusb/src/tusb.c.obj
                0x100059c4                tusb_rhport_init
 .text.tu_edpt_claim
                0x10005a28       0x54 CMakeFiles/sniffer_mil.dir/C_/Users/User/.pico-sdk/sdk/2.2.0/lib/tinyusb/src/tusb.c.obj
                0x10005a28                tu_edpt_claim
 .text.tu_edpt_release
                0x10005a7c       0x38 CMakeFiles/sniffer_mil.dir/C_/Users/User/.pico-sdk/sdk/2.2.0/lib/tinyusb/src/tusb.c.obj
                0x10005a7c                tu_edpt_release
 .text.tu_edpt_validate
                0x10005ab4       0x60 CMakeFiles/sniffer_mil.dir/C_/Users/User/.pico-sdk/sdk/2.2.0/lib/tinyusb/src/tusb.c.obj
                0x10005ab4                tu_edpt_validate
 .text.tu_edpt_bind_driver
                0x10005b14       0x58 CMakeFiles/sniffer_mil.dir/C_/Users/User/.pico-sdk/sdk/2.2.0/lib/tinyusb/src/tusb.c.obj
                0x10005b14                tu_edpt_bind_driver
 .text.tu_edpt_stream_init
                0x10005b6c       0x58 CMakeFiles/sniffer_mil.dir/C_/Users/User/.pico-sdk/sdk/2.2.0/lib/tinyusb/src/tusb.c.obj
                0x10005b6c                tu_edpt_stream_init
 .text.tu_edpt_stream_deinit
                0x10005bc4        0x4 CMakeFiles/sniffer_mil.dir/C_/Users/User/.pico-sdk/sdk/2.2.0/lib/tinyusb/src/tusb.c.obj
                0x10005bc4                tu_edpt_stream_deinit
 .text.tu_edpt_stream_write_zlp_if_needed
                0x10005bc8       0x68 CMakeFiles/sniffer_mil.dir/C_/Users/User/.pico-sdk/sdk/2.2.0/lib/tinyusb/src/tusb.c.obj
                0x10005bc8                tu_edpt_stream_write_zlp_if_needed
 .text.tu_edpt_stream_write_xfer
                0x10005c30       0x70 CMakeFiles/sniffer_mil.dir/C_/Users/User/.pico-sdk/sdk/2.2.0/lib/tinyusb/src/tusb.c.obj
                0x10005c30                tu_edpt_stream_write_xfer
 .text.tu_edpt_stream_read_xfer
                0x10005ca0       0xc8 CMakeFiles/sniffer_mil.dir/C_/Users/User/.pico-sdk/sdk/2.2.0/lib/tinyusb/src/tusb.c.obj
                0x10005ca0                tu_edpt_stream_read_xfer
 .text.tu_fifo_config
                0x10005d68       0x60 CMakeFiles/sniffer_mil.dir/C_/Users/User/.pico-sdk/sdk/2.2.0/lib/tinyusb/src/common/tusb_fifo.c.obj
                0x10005d68                tu_fifo_config
 .text.tu_fifo_count
                0x10005dc8       0x20 CMakeFiles/sniffer_mil.dir/C_/Users/User/.pico-sdk/sdk/2.2.0/lib/tinyusb/src/common/tusb_fifo.c.obj
                0x10005dc8                tu_fifo_count
 .text.tu_fifo_empty
                0x10005de8       0x14 CMakeFiles/sniffer_mil.dir/C_/Users/User/.pico-sdk/sdk/2.2.0/lib/tinyusb/src/common/tusb_fifo.c.obj
                0x10005de8                tu_fifo_empty
 .text.tu_fifo_remaining
                0x10005dfc       0x24 CMakeFiles/sniffer_mil.dir/C_/Users/User/.pico-sdk/sdk/2.2.0/lib/tinyusb/src/common/tusb_fifo.c.obj
                0x10005dfc                tu_fifo_remaining
 .text.tu_fifo_read
                0x10005e20       0x94 CMakeFiles/sniffer_mil.dir/C_/Users/User/.pico-sdk/sdk/2.2.0/lib/tinyusb/src/common/tusb_fifo.c.obj
                0x10005e20                tu_fifo_read
 .text.tu_fifo_read_n
                0x10005eb4       0xd8 CMakeFiles/sniffer_mil.dir/C_/Users/User/.pico-sdk/sdk/2.2.0/lib/tinyusb/src/common/tusb_fifo.c.obj
                0x10005eb4                tu_fifo_read_n
 .text.tu_fifo_write
                0x10005f8c       0xa4 CMakeFiles/sniffer_mil.dir/C_/Users/User/.pico-sdk/sdk/2.2.0/lib/tinyusb/src/common/tusb_fifo.c.obj
                0x10005f8c                tu_fifo_write
 .text.tu_fifo_write_n
                0x10006030      0x15c CMakeFiles/sniffer_mil.dir/C_/Users/User/.pico-sdk/sdk/2.2.0/lib/tinyusb/src/common/tusb_fifo.c.obj
                0x10006030                tu_fifo_write_n
 .text.tu_fifo_clear
                0x1000618c       0x38 CMakeFiles/sniffer_mil.dir/C_/Users/User/.pico-sdk/sdk/2.2.0/lib/tinyusb/src/common/tusb_fifo.c.obj
                0x1000618c                tu_fifo_clear
 .text.tu_fifo_set_overwritable
                0x100061c4       0x3c CMakeFiles/sniffer_mil.dir/C_/Users/User/.pico-sdk/sdk/2.2.0/lib/tinyusb/src/common/tusb_fifo.c.obj
                0x100061c4                tu_fifo_set_overwritable
 .text.memset   0x10006200       0x9c C:/Users/User/.pico-sdk/toolchain/14_2_Rel1/bin/../lib/gcc/arm-none-eabi/14.2.1/thumb/v8-m.main+fp/softfp\libg.a(libc_a-memset.o)
                0x10006200                memset
 .text          0x1000629c       0xec C:/Users/User/.pico-sdk/toolchain/14_2_Rel1/bin/../lib/gcc/arm-none-eabi/14.2.1/thumb/v8-m.main+fp/softfp\libg.a(libc_a-memcpy.o)
                0x1000629c                memcpy
 .text.strlen   0x10006388       0x5c C:/Users/User/.pico-sdk/toolchain/14_2_Rel1/bin/../lib/gcc/arm-none-eabi/14.2.1/thumb/v8-m.main+fp/softfp\libg.a(libc_a-strlen-stub.o)
                0x10006388                strlen
 *(.fini)
 .fini          0x100063e4        0x4 C:/Users/User/.pico-sdk/toolchain/14_2_Rel1/bin/../lib/gcc/arm-none-eabi/14.2.1/thumb/v8-m.main+fp/softfp/crti.o
                0x100063e4                _fini
 .fini.__stub   0x100063e8       0x50 linker stubs
 *crtbegin.o(.ctors)
 *crtbegin?.o(.ctors)
 *(EXCLUDE_FILE(*crtend.o *crtend?.o) .ctors)
 *(SORT_BY_NAME(.ctors.*))
 *(.ctors)
 *crtbegin.o(.dtors)
 *crtbegin?.o(.dtors)
 *(EXCLUDE_FILE(*crtend.o *crtend?.o) .dtors)
 *(SORT_BY_NAME(.dtors.*))
 *(.dtors)
                0x10006438                        . = ALIGN (0x4)
                0x10006438                        PROVIDE (__preinit_array_start = .)
 *(SORT_BY_NAME(.preinit_array.*))
 .preinit_array.00050
                0x10006438        0x4 CMakeFiles/sniffer_mil.dir/C_/Users/User/.pico-sdk/sdk/2.2.0/src/rp2_common/pico_runtime_init/runtime_init.c.obj
                0x10006438                __pre_init_runtime_init_bootrom_reset
 .preinit_array.00100
                0x1000643c        0x4 CMakeFiles/sniffer_mil.dir/C_/Users/User/.pico-sdk/sdk/2.2.0/src/rp2_common/pico_runtime_init/runtime_init.c.obj
                0x1000643c                __pre_init_runtime_init_early_resets
 .preinit_array.00101
                0x10006440        0x4 CMakeFiles/sniffer_mil.dir/C_/Users/User/.pico-sdk/sdk/2.2.0/src/rp2_common/pico_runtime_init/runtime_init.c.obj
                0x10006440                __pre_init_runtime_init_usb_power_down
 .preinit_array.00500
                0x10006444        0x4 CMakeFiles/sniffer_mil.dir/C_/Users/User/.pico-sdk/sdk/2.2.0/src/rp2_common/pico_runtime_init/runtime_init.c.obj
                0x10006444                __pre_init_runtime_init_clocks
 .preinit_array.00600
                0x10006448        0x4 CMakeFiles/sniffer_mil.dir/C_/Users/User/.pico-sdk/sdk/2.2.0/src/rp2_common/pico_runtime_init/runtime_init.c.obj
                0x10006448                __pre_init_runtime_init_post_clock_resets
 .preinit_array.01000
                0x1000644c        0x4 CMakeFiles/sniffer_mil.dir/C_/Users/User/.pico-sdk/sdk/2.2.0/src/rp2_common/hardware_boot_lock/boot_lock.c.obj
                0x1000644c                __pre_init_runtime_init_boot_locks_reset
 .preinit_array.01000
                0x10006450        0x4 CMakeFiles/sniffer_mil.dir/C_/Users/User/.pico-sdk/sdk/2.2.0/src/rp2_common/pico_runtime_init/runtime_init.c.obj
                0x10006450                __pre_init_runtime_init_spin_locks_reset
 .preinit_array.01010
                0x10006454        0x4 CMakeFiles/sniffer_mil.dir/C_/Users/User/.pico-sdk/sdk/2.2.0/src/rp2_common/pico_bootrom/bootrom_lock.c.obj
                0x10006454                __pre_init_runtime_init_bootrom_locking_enable
 .preinit_array.01100
                0x10006458        0x4 CMakeFiles/sniffer_mil.dir/C_/Users/User/.pico-sdk/sdk/2.2.0/src/common/pico_sync/mutex.c.obj
                0x10006458                __pre_init_runtime_init_mutex
 .preinit_array.10080
                0x1000645c        0x4 CMakeFiles/sniffer_mil.dir/C_/Users/User/.pico-sdk/sdk/2.2.0/src/rp2_common/pico_runtime_init/runtime_init.c.obj
                0x1000645c                __pre_init_runtime_init_install_ram_vector_table
 .preinit_array.11000
                0x10006460        0x4 CMakeFiles/sniffer_mil.dir/C_/Users/User/.pico-sdk/sdk/2.2.0/src/common/pico_time/time.c.obj
                0x10006460                __pre_init_runtime_init_default_alarm_pool
 .preinit_array.YYYYY
                0x10006464        0x4 CMakeFiles/sniffer_mil.dir/C_/Users/User/.pico-sdk/sdk/2.2.0/src/rp2_common/pico_runtime/runtime.c.obj
                0x10006464                __pre_init_first_per_core_initializer
 .preinit_array.ZZZZZ.00051
                0x10006468        0x4 CMakeFiles/sniffer_mil.dir/C_/Users/User/.pico-sdk/sdk/2.2.0/src/rp2_common/pico_runtime_init/runtime_init.c.obj
                0x10006468                __pre_init_runtime_init_per_core_bootrom_reset
 .preinit_array.ZZZZZ.00200
                0x1000646c        0x4 CMakeFiles/sniffer_mil.dir/C_/Users/User/.pico-sdk/sdk/2.2.0/src/rp2_common/pico_runtime_init/runtime_init.c.obj
                0x1000646c                __pre_init_runtime_init_per_core_enable_coprocessors
 .preinit_array.ZZZZZ.01000
                0x10006470        0x4 CMakeFiles/sniffer_mil.dir/C_/Users/User/.pico-sdk/sdk/2.2.0/src/rp2_common/hardware_sync_spin_lock/sync_spin_lock.c.obj
                0x10006470                __pre_init_spinlock_set_extexclall
 .preinit_array.ZZZZZ.01200
                0x10006474        0x4 CMakeFiles/sniffer_mil.dir/C_/Users/User/.pico-sdk/sdk/2.2.0/src/rp2_common/hardware_irq/irq.c.obj
                0x10006474                __pre_init_runtime_init_per_core_irq_priorities
 *(.preinit_array)
                0x10006478                        PROVIDE (__preinit_array_end = .)
                0x10006478                        . = ALIGN (0x4)
                0x10006478                        PROVIDE (__init_array_start = .)
 *(SORT_BY_NAME(.init_array.*))
 .init_array.01000
                0x10006478        0x4 CMakeFiles/sniffer_mil.dir/C_/Users/User/.pico-sdk/sdk/2.2.0/src/rp2_common/pico_unique_id/unique_id.c.obj
 *(.init_array)
 .init_array    0x1000647c        0x4 C:/Users/User/.pico-sdk/toolchain/14_2_Rel1/bin/../lib/gcc/arm-none-eabi/14.2.1/thumb/v8-m.main+fp/softfp/crtbegin.o
                0x10006480                        PROVIDE (__init_array_end = .)
                0x10006480                        . = ALIGN (0x4)
                [!provide]                        PROVIDE (__fini_array_start = .)
 *(SORT_BY_NAME(.fini_array.*))
 *(.fini_array)
                [!provide]                        PROVIDE (__fini_array_end = .)
 *(.eh_frame*)
 .eh_frame      0x10006480        0x0 C:/Users/User/.pico-sdk/toolchain/14_2_Rel1/bin/../lib/gcc/arm-none-eabi/14.2.1/thumb/v8-m.main+fp/softfp/crtbegin.o
                0x10006480                        . = ALIGN (0x4)

.glue_7         0x10006480        0x0
 .glue_7        0x10006480        0x0 linker stubs

.glue_7t        0x10006480        0x0
 .glue_7t       0x10006480        0x0 linker stubs

.vfp11_veneer   0x10006480        0x0
 .vfp11_veneer  0x10006480        0x0 linker stubs

.v4_bx          0x10006480        0x0
 .v4_bx         0x10006480        0x0 linker stubs

.iplt           0x10006480        0x0
 .iplt          0x10006480        0x0 C:/Users/User/.pico-sdk/toolchain/14_2_Rel1/bin/../lib/gcc/arm-none-eabi/14.2.1/thumb/v8-m.main+fp/softfp/crtbegin.o

.boot2          0x10006480        0x0
                0x10006480                        __boot2_start__ = .
 *(.boot2)
                0x10006480                        __boot2_end__ = .
                0x00000001                        ASSERT (((__boot2_end__ - __boot2_start__) <= 0x100), ERROR: Pico second stage bootloader must be no more than 256 bytes in size)

.rodata         0x10006480      0x604
 *(EXCLUDE_FILE(*libm.a: *libc.a:*lib_a-mem*.o *libgcc.a:) .rodata*)
 .rodata.read_and_print_status.isra.0.str1.4
                0x10006480      0x3a4 CMakeFiles/sniffer_mil.dir/main.c.obj
                                0x106 (size before relaxing)
 .rodata.main.str1.4
                0x10006824      0x12b CMakeFiles/sniffer_mil.dir/main.c.obj
 .rodata.panic.str1.4
                0x10006824       0x12 CMakeFiles/sniffer_mil.dir/C_/Users/User/.pico-sdk/sdk/2.2.0/src/rp2_common/pico_platform_panic/panic.c.obj
 .rodata.spin_lock_claim_unused.str1.4
                0x10006824       0x1b CMakeFiles/sniffer_mil.dir/C_/Users/User/.pico-sdk/sdk/2.2.0/src/rp2_common/hardware_sync/sync.c.obj
 .rodata.user_irq_claim_unused.str1.4
                0x10006824       0x1b CMakeFiles/sniffer_mil.dir/C_/Users/User/.pico-sdk/sdk/2.2.0/src/rp2_common/hardware_irq/irq.c.obj
 .rodata.timer_hardware_alarm_claim.str1.4
                0x10006824       0x22 CMakeFiles/sniffer_mil.dir/C_/Users/User/.pico-sdk/sdk/2.2.0/src/rp2_common/hardware_timer/timer.c.obj
 .rodata.hard_assertion_failure.str1.4
                0x10006824        0xc CMakeFiles/sniffer_mil.dir/C_/Users/User/.pico-sdk/sdk/2.2.0/src/rp2_common/pico_runtime/runtime.c.obj
 .rodata.str1.4
                0x10006824       0x40 CMakeFiles/sniffer_mil.dir/C_/Users/User/.pico-sdk/sdk/2.2.0/src/rp2_common/pico_standard_binary_info/standard_binary_info.c.obj
 .rodata.__bi_84
                0x10006824        0xc CMakeFiles/sniffer_mil.dir/C_/Users/User/.pico-sdk/sdk/2.2.0/src/rp2_common/pico_standard_binary_info/standard_binary_info.c.obj
 .rodata.__bi_78
                0x10006830        0xc CMakeFiles/sniffer_mil.dir/C_/Users/User/.pico-sdk/sdk/2.2.0/src/rp2_common/pico_standard_binary_info/standard_binary_info.c.obj
 .rodata.__bi_54
                0x1000683c        0xc CMakeFiles/sniffer_mil.dir/C_/Users/User/.pico-sdk/sdk/2.2.0/src/rp2_common/pico_standard_binary_info/standard_binary_info.c.obj
 .rodata.__bi_48
                0x10006848        0xc CMakeFiles/sniffer_mil.dir/C_/Users/User/.pico-sdk/sdk/2.2.0/src/rp2_common/pico_standard_binary_info/standard_binary_info.c.obj
 .rodata.__bi_42
                0x10006854        0xc CMakeFiles/sniffer_mil.dir/C_/Users/User/.pico-sdk/sdk/2.2.0/src/rp2_common/pico_standard_binary_info/standard_binary_info.c.obj
 .rodata.__bi_34
                0x10006860        0xc CMakeFiles/sniffer_mil.dir/C_/Users/User/.pico-sdk/sdk/2.2.0/src/rp2_common/pico_standard_binary_info/standard_binary_info.c.obj
 .rodata.__bi_26
                0x1000686c        0xc CMakeFiles/sniffer_mil.dir/C_/Users/User/.pico-sdk/sdk/2.2.0/src/rp2_common/pico_standard_binary_info/standard_binary_info.c.obj
 .rodata._ftoa.str1.4
                0x10006878       0x15 CMakeFiles/sniffer_mil.dir/C_/Users/User/.pico-sdk/sdk/2.2.0/src/rp2_common/pico_printf/printf.c.obj
 .rodata.pow10.0
                0x10006878       0x50 CMakeFiles/sniffer_mil.dir/C_/Users/User/.pico-sdk/sdk/2.2.0/src/rp2_common/pico_printf/printf.c.obj
 .rodata.crlf_str.0
                0x100068c8        0x2 CMakeFiles/sniffer_mil.dir/C_/Users/User/.pico-sdk/sdk/2.2.0/src/rp2_common/pico_stdio/stdio.c.obj
 *fill*         0x100068ca        0x2 
 .rodata._resetd_driver
                0x100068cc       0x20 CMakeFiles/sniffer_mil.dir/C_/Users/User/.pico-sdk/sdk/2.2.0/src/rp2_common/pico_stdio_usb/reset_interface.c.obj
 .rodata.desc_ms_os_20
                0x100068ec       0xa6 CMakeFiles/sniffer_mil.dir/C_/Users/User/.pico-sdk/sdk/2.2.0/src/rp2_common/pico_stdio_usb/reset_interface.c.obj
 *fill*         0x10006992        0x2 
 .rodata.desc_bos
                0x10006994       0x21 CMakeFiles/sniffer_mil.dir/C_/Users/User/.pico-sdk/sdk/2.2.0/src/rp2_common/pico_stdio_usb/reset_interface.c.obj
                0x10006994                desc_bos
 .rodata.str1.4
                0x100069b5       0x13 CMakeFiles/sniffer_mil.dir/C_/Users/User/.pico-sdk/sdk/2.2.0/src/rp2_common/pico_stdio_usb/stdio_usb.c.obj
 *fill*         0x100069b5        0x3 
 .rodata.__bi_202.0
                0x100069b8        0xc CMakeFiles/sniffer_mil.dir/C_/Users/User/.pico-sdk/sdk/2.2.0/src/rp2_common/pico_stdio_usb/stdio_usb.c.obj
 .rodata.str1.4
                0x100069c4       0x2a CMakeFiles/sniffer_mil.dir/C_/Users/User/.pico-sdk/sdk/2.2.0/src/rp2_common/pico_stdio_usb/stdio_usb_descriptors.c.obj
 .rodata.usbd_desc_str
                0x100069c4       0x18 CMakeFiles/sniffer_mil.dir/C_/Users/User/.pico-sdk/sdk/2.2.0/src/rp2_common/pico_stdio_usb/stdio_usb_descriptors.c.obj
 .rodata.usbd_desc_cfg
                0x100069dc       0x54 CMakeFiles/sniffer_mil.dir/C_/Users/User/.pico-sdk/sdk/2.2.0/src/rp2_common/pico_stdio_usb/stdio_usb_descriptors.c.obj
 .rodata.usbd_desc_device
                0x10006a30       0x12 CMakeFiles/sniffer_mil.dir/C_/Users/User/.pico-sdk/sdk/2.2.0/src/rp2_common/pico_stdio_usb/stdio_usb_descriptors.c.obj
 .rodata.str1.4
                0x10006a42       0x14 CMakeFiles/sniffer_mil.dir/C_/Users/User/.pico-sdk/sdk/2.2.0/lib/tinyusb/src/portable/raspberrypi/rp2040/dcd_rp2040.c.obj
 .rodata.str1.4
                0x10006a42       0x48 CMakeFiles/sniffer_mil.dir/C_/Users/User/.pico-sdk/sdk/2.2.0/lib/tinyusb/src/portable/raspberrypi/rp2040/rp2040_usb.c.obj
 *fill*         0x10006a42        0x2 
 .rodata._usbd_driver
                0x10006a44       0x40 CMakeFiles/sniffer_mil.dir/C_/Users/User/.pico-sdk/sdk/2.2.0/lib/tinyusb/src/device/usbd.c.obj
 *(.srodata*)
                0x10006a84                        . = ALIGN (0x4)
 *(SORT_BY_ALIGNMENT(SORT_BY_NAME(.flashdata*)))
                0x10006a84                        . = ALIGN (0x4)

.ARM.extab
 *(.ARM.extab* .gnu.linkonce.armextab.*)
                0x10006a84                        __exidx_start = .

.ARM.exidx      0x10006a84        0x8
 *(.ARM.exidx* .gnu.linkonce.armexidx.*)
 .ARM.exidx     0x10006a84        0x8 C:/Users/User/.pico-sdk/toolchain/14_2_Rel1/bin/../lib/gcc/arm-none-eabi/14.2.1/thumb/v8-m.main+fp/softfp\libg.a(libc_a-memcpy.o)
 .ARM.exidx.text.__udivmoddi4
                0x10006a8c        0x0 C:/Users/User/.pico-sdk/toolchain/14_2_Rel1/bin/../lib/gcc/arm-none-eabi/14.2.1/thumb/v8-m.main+fp/softfp\libgcc.a(_udivmoddi4.o)
                                  0x8 (size before relaxing)
                0x10006a8c                        __exidx_end = .
                0x10006a8c                        . = ALIGN (0x4)
                0x10006a8c                        __binary_info_start = .

.binary_info    0x10006a8c       0x20
 *(.binary_info.keep.*)
 .binary_info.keep.__bi_ptr84
                0x10006a8c        0x4 CMakeFiles/sniffer_mil.dir/C_/Users/User/.pico-sdk/sdk/2.2.0/src/rp2_common/pico_standard_binary_info/standard_binary_info.c.obj
 .binary_info.keep.__bi_ptr78
                0x10006a90        0x4 CMakeFiles/sniffer_mil.dir/C_/Users/User/.pico-sdk/sdk/2.2.0/src/rp2_common/pico_standard_binary_info/standard_binary_info.c.obj
 .binary_info.keep.__bi_ptr54
                0x10006a94        0x4 CMakeFiles/sniffer_mil.dir/C_/Users/User/.pico-sdk/sdk/2.2.0/src/rp2_common/pico_standard_binary_info/standard_binary_info.c.obj
 .binary_info.keep.__bi_ptr48
                0x10006a98        0x4 CMakeFiles/sniffer_mil.dir/C_/Users/User/.pico-sdk/sdk/2.2.0/src/rp2_common/pico_standard_binary_info/standard_binary_info.c.obj
 .binary_info.keep.__bi_ptr42
                0x10006a9c        0x4 CMakeFiles/sniffer_mil.dir/C_/Users/User/.pico-sdk/sdk/2.2.0/src/rp2_common/pico_standard_binary_info/standard_binary_info.c.obj
 .binary_info.keep.__bi_ptr34
                0x10006aa0        0x4 CMakeFiles/sniffer_mil.dir/C_/Users/User/.pico-sdk/sdk/2.2.0/src/rp2_common/pico_standard_binary_info/standard_binary_info.c.obj
 .binary_info.keep.__bi_ptr26
                0x10006aa4        0x4 CMakeFiles/sniffer_mil.dir/C_/Users/User/.pico-sdk/sdk/2.2.0/src/rp2_common/pico_standard_binary_info/standard_binary_info.c.obj
 *(.binary_info.*)
 .binary_info.__bi_ptr202
                0x10006aa8        0x4 CMakeFiles/sniffer_mil.dir/C_/Users/User/.pico-sdk/sdk/2.2.0/src/rp2_common/pico_stdio_usb/stdio_usb.c.obj
                0x10006aac                        __binary_info_end = .
                0x10006aac                        . = ALIGN (0x4)

.ram_vector_table
                0x20000000      0x110
 *(.ram_vector_table)
 .ram_vector_table
                0x20000000      0x110 CMakeFiles/sniffer_mil.dir/C_/Users/User/.pico-sdk/sdk/2.2.0/src/rp2_common/pico_runtime_init/runtime_init.c.obj
                0x20000000                ram_vector_table

.uninitialized_data
                0x20000110        0x0
                0x20000110                        . = ALIGN (0x4)
 *(.uninitialized_data*)

.data           0x20000110     0x1114 load address 0x10006aac
                0x20000110                        __data_start__ = .
 *(vtable)
 *(.time_critical*)
 .time_critical.mutex_try_enter
                0x20000110       0x50 CMakeFiles/sniffer_mil.dir/C_/Users/User/.pico-sdk/sdk/2.2.0/src/common/pico_sync/mutex.c.obj
                0x20000110                mutex_try_enter
 .time_critical.mutex_enter_block_until
                0x20000160       0x6c CMakeFiles/sniffer_mil.dir/C_/Users/User/.pico-sdk/sdk/2.2.0/src/common/pico_sync/mutex.c.obj
                0x20000160                mutex_enter_block_until
 .time_critical.mutex_try_enter_block_until
                0x200001cc       0x68 CMakeFiles/sniffer_mil.dir/C_/Users/User/.pico-sdk/sdk/2.2.0/src/common/pico_sync/mutex.c.obj
                0x200001cc                mutex_try_enter_block_until
 .time_critical.mutex_enter_timeout_ms
                0x20000234       0x38 CMakeFiles/sniffer_mil.dir/C_/Users/User/.pico-sdk/sdk/2.2.0/src/common/pico_sync/mutex.c.obj
                0x20000234                mutex_enter_timeout_ms
 .time_critical.mutex_exit
                0x2000026c       0x3c CMakeFiles/sniffer_mil.dir/C_/Users/User/.pico-sdk/sdk/2.2.0/src/common/pico_sync/mutex.c.obj
                0x2000026c                mutex_exit
 .time_critical.reset_non_control_endpoints
                0x200002a8       0x64 CMakeFiles/sniffer_mil.dir/C_/Users/User/.pico-sdk/sdk/2.2.0/lib/tinyusb/src/portable/raspberrypi/rp2040/dcd_rp2040.c.obj
 .time_critical.hw_handle_buff_status
                0x2000030c       0x90 CMakeFiles/sniffer_mil.dir/C_/Users/User/.pico-sdk/sdk/2.2.0/lib/tinyusb/src/portable/raspberrypi/rp2040/dcd_rp2040.c.obj
 .time_critical.dcd_rp2040_irq
                0x2000039c      0x530 CMakeFiles/sniffer_mil.dir/C_/Users/User/.pico-sdk/sdk/2.2.0/lib/tinyusb/src/portable/raspberrypi/rp2040/dcd_rp2040.c.obj
 .time_critical.prepare_ep_buffer
                0x200008cc       0xc0 CMakeFiles/sniffer_mil.dir/C_/Users/User/.pico-sdk/sdk/2.2.0/lib/tinyusb/src/portable/raspberrypi/rp2040/rp2040_usb.c.obj
 .time_critical.sync_ep_buffer
                0x2000098c       0xb4 CMakeFiles/sniffer_mil.dir/C_/Users/User/.pico-sdk/sdk/2.2.0/lib/tinyusb/src/portable/raspberrypi/rp2040/rp2040_usb.c.obj
 .time_critical._hw_endpoint_xfer_sync
                0x20000a40       0x2c CMakeFiles/sniffer_mil.dir/C_/Users/User/.pico-sdk/sdk/2.2.0/lib/tinyusb/src/portable/raspberrypi/rp2040/rp2040_usb.c.obj
 .time_critical.e15_is_bulkin_ep
                0x20000a6c       0x28 CMakeFiles/sniffer_mil.dir/C_/Users/User/.pico-sdk/sdk/2.2.0/lib/tinyusb/src/portable/raspberrypi/rp2040/rp2040_usb.c.obj
 .time_critical.e15_is_critical_frame_period
                0x20000a94       0x28 CMakeFiles/sniffer_mil.dir/C_/Users/User/.pico-sdk/sdk/2.2.0/lib/tinyusb/src/portable/raspberrypi/rp2040/rp2040_usb.c.obj
 .time_critical.hw_endpoint_reset_transfer
                0x20000abc        0xc CMakeFiles/sniffer_mil.dir/C_/Users/User/.pico-sdk/sdk/2.2.0/lib/tinyusb/src/portable/raspberrypi/rp2040/rp2040_usb.c.obj
                0x20000abc                hw_endpoint_reset_transfer
 .time_critical._hw_endpoint_buffer_control_update32
                0x20000ac8       0x44 CMakeFiles/sniffer_mil.dir/C_/Users/User/.pico-sdk/sdk/2.2.0/lib/tinyusb/src/portable/raspberrypi/rp2040/rp2040_usb.c.obj
                0x20000ac8                _hw_endpoint_buffer_control_update32
 .time_critical.hw_endpoint_start_next_buffer
                0x20000b0c       0x64 CMakeFiles/sniffer_mil.dir/C_/Users/User/.pico-sdk/sdk/2.2.0/lib/tinyusb/src/portable/raspberrypi/rp2040/rp2040_usb.c.obj
                0x20000b0c                hw_endpoint_start_next_buffer
 .time_critical.hw_endpoint_xfer_continue
                0x20000b70       0x3c CMakeFiles/sniffer_mil.dir/C_/Users/User/.pico-sdk/sdk/2.2.0/lib/tinyusb/src/portable/raspberrypi/rp2040/rp2040_usb.c.obj
                0x20000b70                hw_endpoint_xfer_continue
 .time_critical.tinyusb
                0x20000bac      0x224 CMakeFiles/sniffer_mil.dir/C_/Users/User/.pico-sdk/sdk/2.2.0/lib/tinyusb/src/device/usbd.c.obj
                0x20000bac                dcd_event_handler
 *(.text*)
 .text          0x20000dd0       0x30 C:/Users/User/.pico-sdk/toolchain/14_2_Rel1/bin/../lib/gcc/arm-none-eabi/14.2.1/thumb/v8-m.main+fp/softfp\libgcc.a(_aeabi_uldivmod.o)
                0x20000dd0                __aeabi_uldivmod
 .text.__udivmoddi4
                0x20000e00      0x34c C:/Users/User/.pico-sdk/toolchain/14_2_Rel1/bin/../lib/gcc/arm-none-eabi/14.2.1/thumb/v8-m.main+fp/softfp\libgcc.a(_udivmoddi4.o)
                0x20000e00                __udivmoddi4
 .text          0x2000114c        0x4 C:/Users/User/.pico-sdk/toolchain/14_2_Rel1/bin/../lib/gcc/arm-none-eabi/14.2.1/thumb/v8-m.main+fp/softfp\libgcc.a(_dvmd_tls.o)
                0x2000114c                __aeabi_idiv0
                0x2000114c                __aeabi_ldiv0
 .text.__stub   0x20001150       0x30 linker stubs
                0x20001180                        . = ALIGN (0x4)
 *(.rodata*)
                0x20001180                        . = ALIGN (0x4)
 *(.data*)
 .data.striped_spin_lock_num
                0x20001180        0x1 CMakeFiles/sniffer_mil.dir/C_/Users/User/.pico-sdk/sdk/2.2.0/src/rp2_common/hardware_sync/sync.c.obj
 *fill*         0x20001181        0x3 
 .data          0x20001184       0x48 CMakeFiles/sniffer_mil.dir/C_/Users/User/.pico-sdk/sdk/2.2.0/src/rp2_common/hardware_irq/irq_handler_chain.S.obj
                0x20001184                irq_handler_chain_slots
                0x200011b4                irq_handler_chain_first_slot
                0x200011be                irq_handler_chain_remove_tail
 .data.default_alarm_pool
                0x200011cc       0x18 CMakeFiles/sniffer_mil.dir/C_/Users/User/.pico-sdk/sdk/2.2.0/src/common/pico_time/time.c.obj
 .data.stdio_usb
                0x200011e4       0x18 CMakeFiles/sniffer_mil.dir/C_/Users/User/.pico-sdk/sdk/2.2.0/src/rp2_common/pico_stdio_usb/stdio_usb.c.obj
                0x200011e4                stdio_usb
 .data._usbd_qdef
                0x200011fc       0x1c CMakeFiles/sniffer_mil.dir/C_/Users/User/.pico-sdk/sdk/2.2.0/lib/tinyusb/src/device/usbd.c.obj
                0x200011fc                _usbd_qdef
 .data._usbd_rhport
                0x20001218        0x1 CMakeFiles/sniffer_mil.dir/C_/Users/User/.pico-sdk/sdk/2.2.0/lib/tinyusb/src/device/usbd.c.obj
 *(.sdata*)
                0x2000121c                        . = ALIGN (0x4)
 *fill*         0x20001219        0x3 
 *(.after_data.*)
                0x2000121c                        . = ALIGN (0x4)
                0x2000121c                        PROVIDE (__mutex_array_start = .)
 *(SORT_BY_NAME(.mutex_array.*))
 *(.mutex_array)
 .mutex_array   0x2000121c        0x8 CMakeFiles/sniffer_mil.dir/C_/Users/User/.pico-sdk/sdk/2.2.0/src/rp2_common/pico_stdio/stdio.c.obj
                0x20001224                        PROVIDE (__mutex_array_end = .)
 *(.jcr)
                0x20001224                        . = ALIGN (0x4)

.tm_clone_table
                0x20001224        0x0 load address 0x10007bc0
 .tm_clone_table
                0x20001224        0x0 C:/Users/User/.pico-sdk/toolchain/14_2_Rel1/bin/../lib/gcc/arm-none-eabi/14.2.1/thumb/v8-m.main+fp/softfp/crtbegin.o
 .tm_clone_table
                0x20001224        0x0 C:/Users/User/.pico-sdk/toolchain/14_2_Rel1/bin/../lib/gcc/arm-none-eabi/14.2.1/thumb/v8-m.main+fp/softfp/crtend.o

.igot.plt       0x20001224        0x0 load address 0x10007bc0
 .igot.plt      0x20001224        0x0 C:/Users/User/.pico-sdk/toolchain/14_2_Rel1/bin/../lib/gcc/arm-none-eabi/14.2.1/thumb/v8-m.main+fp/softfp/crtbegin.o

.tdata          0x20001224        0x0 load address 0x10007bc0
                0x20001224                        . = ALIGN (0x4)
 *(.tdata .tdata.* .gnu.linkonce.td.*)
                0x20001224                        __tdata_end = .
                0x20001224                        PROVIDE (__data_end__ = .)
                0x10006aac                        __etext = LOADADDR (.data)

.tbss           0x20001224        0x0 load address 0x10007bc0
                0x20001224                        . = ALIGN (0x4)
                0x20001224                        __bss_start__ = .
                0x20001224                        __tls_base = .
 *(.tbss .tbss.* .gnu.linkonce.tb.*)
 *(.tcommon)
                0x20001224                        __tls_end = .

.bss            0x20001228      0xc28 load address 0x10007bc0
                0x20001228                        . = ALIGN (0x4)
                0x20001228                        __tbss_end = .
 *(SORT_BY_ALIGNMENT(SORT_BY_NAME(.bss*)))
 .bss.default_alarm_pool_entries
                0x20001228      0x180 CMakeFiles/sniffer_mil.dir/C_/Users/User/.pico-sdk/sdk/2.2.0/src/common/pico_time/time.c.obj
 .bss.last_avail_time.1
                0x200013a8        0x8 CMakeFiles/sniffer_mil.dir/C_/Users/User/.pico-sdk/sdk/2.2.0/src/rp2_common/pico_stdio_usb/stdio_usb.c.obj
 .bss._app_driver
                0x200013b0        0x4 CMakeFiles/sniffer_mil.dir/C_/Users/User/.pico-sdk/sdk/2.2.0/lib/tinyusb/src/device/usbd.c.obj
 .bss._cdcd_epbuf
                0x200013b4       0x80 CMakeFiles/sniffer_mil.dir/C_/Users/User/.pico-sdk/sdk/2.2.0/lib/tinyusb/src/class/cdc/cdc_device.c.obj
 .bss._cdcd_fifo_cfg
                0x20001434        0x1 CMakeFiles/sniffer_mil.dir/C_/Users/User/.pico-sdk/sdk/2.2.0/lib/tinyusb/src/class/cdc/cdc_device.c.obj
 *fill*         0x20001435        0x3 
 .bss._cdcd_itf
                0x20001438       0xc8 CMakeFiles/sniffer_mil.dir/C_/Users/User/.pico-sdk/sdk/2.2.0/lib/tinyusb/src/class/cdc/cdc_device.c.obj
 .bss._ctrl_epbuf
                0x20001500       0x40 CMakeFiles/sniffer_mil.dir/C_/Users/User/.pico-sdk/sdk/2.2.0/lib/tinyusb/src/device/usbd_control.c.obj
 .bss._ctrl_xfer
                0x20001540       0x14 CMakeFiles/sniffer_mil.dir/C_/Users/User/.pico-sdk/sdk/2.2.0/lib/tinyusb/src/device/usbd_control.c.obj
 .bss._sw_spin_locks
                0x20001554       0x20 CMakeFiles/sniffer_mil.dir/C_/Users/User/.pico-sdk/sdk/2.2.0/src/rp2_common/hardware_sync_spin_lock/sync_spin_lock.c.obj
                0x20001554                _sw_spin_locks
 .bss._tusb_rhport_role
                0x20001574        0x2 CMakeFiles/sniffer_mil.dir/C_/Users/User/.pico-sdk/sdk/2.2.0/lib/tinyusb/src/tusb.c.obj
                0x20001574                _tusb_rhport_role
 *fill*         0x20001576        0x2 
 .bss._ubsd_mutexdef
                0x20001578        0x8 CMakeFiles/sniffer_mil.dir/C_/Users/User/.pico-sdk/sdk/2.2.0/lib/tinyusb/src/device/usbd.c.obj
 .bss._usbd_dev
                0x20001580       0x54 CMakeFiles/sniffer_mil.dir/C_/Users/User/.pico-sdk/sdk/2.2.0/lib/tinyusb/src/device/usbd.c.obj
 .bss._usbd_mutex
                0x200015d4        0x4 CMakeFiles/sniffer_mil.dir/C_/Users/User/.pico-sdk/sdk/2.2.0/lib/tinyusb/src/device/usbd.c.obj
 .bss._usbd_q   0x200015d8        0x4 CMakeFiles/sniffer_mil.dir/C_/Users/User/.pico-sdk/sdk/2.2.0/lib/tinyusb/src/device/usbd.c.obj
 .bss._usbd_qdef_buf
                0x200015dc       0xc0 CMakeFiles/sniffer_mil.dir/C_/Users/User/.pico-sdk/sdk/2.2.0/lib/tinyusb/src/device/usbd.c.obj
                0x200015dc                _usbd_qdef_buf
 .bss._vendord_epbuf
                0x2000169c       0x80 CMakeFiles/sniffer_mil.dir/C_/Users/User/.pico-sdk/sdk/2.2.0/lib/tinyusb/src/class/vendor/vendor_device.c.obj
 .bss._vendord_itf
                0x2000171c      0x24c CMakeFiles/sniffer_mil.dir/C_/Users/User/.pico-sdk/sdk/2.2.0/lib/tinyusb/src/class/vendor/vendor_device.c.obj
 .bss.chars_available_callback
                0x20001968        0x4 CMakeFiles/sniffer_mil.dir/C_/Users/User/.pico-sdk/sdk/2.2.0/src/rp2_common/pico_stdio_usb/stdio_usb.c.obj
 .bss.chars_available_param
                0x2000196c        0x4 CMakeFiles/sniffer_mil.dir/C_/Users/User/.pico-sdk/sdk/2.2.0/src/rp2_common/pico_stdio_usb/stdio_usb.c.obj
 .bss.claimed   0x20001970        0x4 CMakeFiles/sniffer_mil.dir/C_/Users/User/.pico-sdk/sdk/2.2.0/src/rp2_common/hardware_sync/sync.c.obj
 .bss.claimed   0x20001974        0x2 CMakeFiles/sniffer_mil.dir/C_/Users/User/.pico-sdk/sdk/2.2.0/src/rp2_common/hardware_timer/timer.c.obj
 *fill*         0x20001976        0x2 
 .bss.configured_freq
                0x20001978       0x28 CMakeFiles/sniffer_mil.dir/C_/Users/User/.pico-sdk/sdk/2.2.0/src/rp2_common/hardware_clocks/clocks.c.obj
 .bss.desc_str.0
                0x200019a0       0x28 CMakeFiles/sniffer_mil.dir/C_/Users/User/.pico-sdk/sdk/2.2.0/src/rp2_common/pico_stdio_usb/stdio_usb_descriptors.c.obj
 .bss.drivers   0x200019c8        0x4 CMakeFiles/sniffer_mil.dir/C_/Users/User/.pico-sdk/sdk/2.2.0/src/rp2_common/pico_stdio/stdio.c.obj
 .bss.e15_last_sof
                0x200019cc        0x4 CMakeFiles/sniffer_mil.dir/C_/Users/User/.pico-sdk/sdk/2.2.0/lib/tinyusb/src/portable/raspberrypi/rp2040/rp2040_usb.c.obj
                0x200019cc                e15_last_sof
 .bss.filter    0x200019d0        0x4 CMakeFiles/sniffer_mil.dir/C_/Users/User/.pico-sdk/sdk/2.2.0/src/rp2_common/pico_stdio/stdio.c.obj
 .bss.hw_endpoints
                0x200019d4      0x400 CMakeFiles/sniffer_mil.dir/C_/Users/User/.pico-sdk/sdk/2.2.0/lib/tinyusb/src/portable/raspberrypi/rp2040/dcd_rp2040.c.obj
 .bss.lazy_vsnprintf
                0x20001dd4        0x4 CMakeFiles/sniffer_mil.dir/C_/Users/User/.pico-sdk/sdk/2.2.0/src/rp2_common/pico_printf/printf.c.obj
 .bss.load_value
                0x20001dd8        0x4 CMakeFiles/sniffer_mil.dir/C_/Users/User/.pico-sdk/sdk/2.2.0/src/rp2_common/hardware_watchdog/watchdog.c.obj
 .bss.next_buffer_ptr
                0x20001ddc        0x4 CMakeFiles/sniffer_mil.dir/C_/Users/User/.pico-sdk/sdk/2.2.0/lib/tinyusb/src/portable/raspberrypi/rp2040/dcd_rp2040.c.obj
 .bss.object.0  0x20001de0       0x18 C:/Users/User/.pico-sdk/toolchain/14_2_Rel1/bin/../lib/gcc/arm-none-eabi/14.2.1/thumb/v8-m.main+fp/softfp/crtbegin.o
 .bss.one_shot_timer_crit_sec
                0x20001df8        0x8 CMakeFiles/sniffer_mil.dir/C_/Users/User/.pico-sdk/sdk/2.2.0/src/rp2_common/pico_stdio_usb/stdio_usb.c.obj
 .bss.pools     0x20001e00       0x20 CMakeFiles/sniffer_mil.dir/C_/Users/User/.pico-sdk/sdk/2.2.0/src/common/pico_time/time.c.obj
 .bss.retrieved_id
                0x20001e20        0x8 CMakeFiles/sniffer_mil.dir/C_/Users/User/.pico-sdk/sdk/2.2.0/src/rp2_common/pico_unique_id/unique_id.c.obj
 .bss.sleep_notifier
                0x20001e28        0x4 CMakeFiles/sniffer_mil.dir/C_/Users/User/.pico-sdk/sdk/2.2.0/src/common/pico_time/time.c.obj
 .bss.stdio_usb_mutex
                0x20001e2c        0x8 CMakeFiles/sniffer_mil.dir/C_/Users/User/.pico-sdk/sdk/2.2.0/src/rp2_common/pico_stdio_usb/stdio_usb.c.obj
 .bss.usbd_serial_str
                0x20001e34       0x11 CMakeFiles/sniffer_mil.dir/C_/Users/User/.pico-sdk/sdk/2.2.0/src/rp2_common/pico_stdio_usb/stdio_usb_descriptors.c.obj
 .bss._app_driver_count
                0x20001e45        0x1 CMakeFiles/sniffer_mil.dir/C_/Users/User/.pico-sdk/sdk/2.2.0/lib/tinyusb/src/device/usbd.c.obj
 .bss._sof_enable
                0x20001e46        0x1 CMakeFiles/sniffer_mil.dir/C_/Users/User/.pico-sdk/sdk/2.2.0/lib/tinyusb/src/portable/raspberrypi/rp2040/dcd_rp2040.c.obj
 .bss._usbd_queued_setup
                0x20001e47        0x1 CMakeFiles/sniffer_mil.dir/C_/Users/User/.pico-sdk/sdk/2.2.0/lib/tinyusb/src/device/usbd.c.obj
 .bss.irq_handler_chain_free_slot_head
                0x20001e48        0x1 CMakeFiles/sniffer_mil.dir/C_/Users/User/.pico-sdk/sdk/2.2.0/src/rp2_common/hardware_irq/irq.c.obj
 .bss.itf_num   0x20001e49        0x1 CMakeFiles/sniffer_mil.dir/C_/Users/User/.pico-sdk/sdk/2.2.0/src/rp2_common/pico_stdio_usb/reset_interface.c.obj
 .bss.low_priority_irq_num
                0x20001e4a        0x1 CMakeFiles/sniffer_mil.dir/C_/Users/User/.pico-sdk/sdk/2.2.0/src/rp2_common/pico_stdio_usb/stdio_usb.c.obj
 .bss.one_shot_timer_pending
                0x20001e4b        0x1 CMakeFiles/sniffer_mil.dir/C_/Users/User/.pico-sdk/sdk/2.2.0/src/rp2_common/pico_stdio_usb/stdio_usb.c.obj
 .bss.user_irq_claimed
                0x20001e4c        0x1 CMakeFiles/sniffer_mil.dir/C_/Users/User/.pico-sdk/sdk/2.2.0/src/rp2_common/hardware_irq/irq.c.obj
 *(COMMON)
                [!provide]                        PROVIDE (__global_pointer$ = (. + 0x800))
 *(.sbss*)
                0x20001e50                        . = ALIGN (0x4)
 *fill*         0x20001e4d        0x3 
                0x20001e50                        __bss_end__ = .

.heap           0x20001e50      0x800 load address 0x10007bc0
                0x20001e50                        __end__ = .
                0x20001e50                        end = __end__
 *(.heap*)
 .heap          0x20001e50      0x800 CMakeFiles/sniffer_mil.dir/C_/Users/User/.pico-sdk/sdk/2.2.0/src/rp2_common/pico_crt0/crt0.S.obj
                0x20080000                        __HeapLimit = (ORIGIN (RAM) + LENGTH (RAM))

.scratch_x      0x20080000        0x0 load address 0x10007bc0
                0x20080000                        __scratch_x_start__ = .
 *(.scratch_x.*)
                0x20080000                        . = ALIGN (0x4)
                0x20080000                        __scratch_x_end__ = .
                0x10007bc0                        __scratch_x_source__ = LOADADDR (.scratch_x)

.scratch_y      0x20081000        0x0 load address 0x10007bc0
                0x20081000                        __scratch_y_start__ = .
 *(.scratch_y.*)
                0x20081000                        . = ALIGN (0x4)
                0x20081000                        __scratch_y_end__ = .
                0x10007bc0                        __scratch_y_source__ = LOADADDR (.scratch_y)

.stack1_dummy
 *(.stack1*)

.stack_dummy    0x20081000      0x800
 *(.stack*)
 .stack         0x20081000      0x800 CMakeFiles/sniffer_mil.dir/C_/Users/User/.pico-sdk/sdk/2.2.0/src/rp2_common/pico_crt0/crt0.S.obj

.flash_end      0x10007bc0       0x14
 *(.embedded_end_block*)
 .embedded_end_block
                0x10007bc0       0x14 CMakeFiles/sniffer_mil.dir/C_/Users/User/.pico-sdk/sdk/2.2.0/src/rp2_common/pico_crt0/crt0.S.obj
                0x10007bd4                        PROVIDE (__flash_binary_end = .)
                0x20080000                        __StackLimit = (ORIGIN (RAM) + LENGTH (RAM))
                0x20081000                        __StackOneTop = (ORIGIN (SCRATCH_X) + LENGTH (SCRATCH_X))
                0x20082000                        __StackTop = (ORIGIN (SCRATCH_Y) + LENGTH (SCRATCH_Y))
                0x20081000                        __StackOneBottom = (__StackOneTop - SIZEOF (.stack1_dummy))
                0x20081800                        __StackBottom = (__StackTop - SIZEOF (.stack_dummy))
                0x20082000                        PROVIDE (__stack = __StackTop)
                [!provide]                        PROVIDE (__heap_start = __end__)
                [!provide]                        PROVIDE (__heap_end = __HeapLimit)
                [!provide]                        PROVIDE (__tls_align = MAX (ALIGNOF (.tdata), ALIGNOF (.tbss)))
                [!provide]                        PROVIDE (__tls_size_align = (((__tls_size + __tls_align) - 0x1) & ~ ((__tls_align - 0x1))))
                [!provide]                        PROVIDE (__arm32_tls_tcb_offset = MAX (0x8, __tls_align))
                [!provide]                        PROVIDE (_end = __end__)
                [!provide]                        PROVIDE (__llvm_libc_heap_limit = __HeapLimit)
                0x00000001                        ASSERT ((__StackLimit >= __HeapLimit), region RAM overflowed)
                0x00000001                        ASSERT (((__binary_info_header_end - __logical_binary_start) <= 0x400), Binary info must be in first 1024 bytes of the binary)
                0x00000001                        ASSERT (((__embedded_block_end - __logical_binary_start) <= 0x1000), Embedded block must be in first 4096 bytes of the binary)
LOAD CMakeFiles/sniffer_mil.dir/main.c.obj
LOAD CMakeFiles/sniffer_mil.dir/bus/bus.c.obj
LOAD CMakeFiles/sniffer_mil.dir/mil1553_words.c.obj
LOAD CMakeFiles/sniffer_mil.dir/C_/Users/User/.pico-sdk/sdk/2.2.0/src/rp2_common/pico_stdlib/stdlib.c.obj
LOAD CMakeFiles/sniffer_mil.dir/C_/Users/User/.pico-sdk/sdk/2.2.0/src/rp2_common/hardware_gpio/gpio.c.obj
LOAD CMakeFiles/sniffer_mil.dir/C_/Users/User/.pico-sdk/sdk/2.2.0/src/rp2350/pico_platform/platform.c.obj
LOAD CMakeFiles/sniffer_mil.dir/C_/Users/User/.pico-sdk/sdk/2.2.0/src/rp2_common/pico_platform_common/common.c.obj
LOAD CMakeFiles/sniffer_mil.dir/C_/Users/User/.pico-sdk/sdk/2.2.0/src/rp2_common/pico_platform_panic/panic.c.obj
LOAD CMakeFiles/sniffer_mil.dir/C_/Users/User/.pico-sdk/sdk/2.2.0/src/common/hardware_claim/claim.c.obj
LOAD CMakeFiles/sniffer_mil.dir/C_/Users/User/.pico-sdk/sdk/2.2.0/src/rp2_common/hardware_sync/sync.c.obj
LOAD CMakeFiles/sniffer_mil.dir/C_/Users/User/.pico-sdk/sdk/2.2.0/src/rp2_common/hardware_sync_spin_lock/sync_spin_lock.c.obj
LOAD CMakeFiles/sniffer_mil.dir/C_/Users/User/.pico-sdk/sdk/2.2.0/src/rp2_common/hardware_irq/irq.c.obj
LOAD CMakeFiles/sniffer_mil.dir/C_/Users/User/.pico-sdk/sdk/2.2.0/src/rp2_common/hardware_irq/irq_handler_chain.S.obj
LOAD CMakeFiles/sniffer_mil.dir/C_/Users/User/.pico-sdk/sdk/2.2.0/src/common/pico_sync/sem.c.obj
LOAD CMakeFiles/sniffer_mil.dir/C_/Users/User/.pico-sdk/sdk/2.2.0/src/common/pico_sync/lock_core.c.obj
LOAD CMakeFiles/sniffer_mil.dir/C_/Users/User/.pico-sdk/sdk/2.2.0/src/common/pico_sync/mutex.c.obj
LOAD CMakeFiles/sniffer_mil.dir/C_/Users/User/.pico-sdk/sdk/2.2.0/src/common/pico_sync/critical_section.c.obj
LOAD CMakeFiles/sniffer_mil.dir/C_/Users/User/.pico-sdk/sdk/2.2.0/src/common/pico_time/time.c.obj
LOAD CMakeFiles/sniffer_mil.dir/C_/Users/User/.pico-sdk/sdk/2.2.0/src/common/pico_time/timeout_helper.c.obj
LOAD CMakeFiles/sniffer_mil.dir/C_/Users/User/.pico-sdk/sdk/2.2.0/src/rp2_common/hardware_timer/timer.c.obj
LOAD CMakeFiles/sniffer_mil.dir/C_/Users/User/.pico-sdk/sdk/2.2.0/src/common/pico_util/datetime.c.obj
LOAD CMakeFiles/sniffer_mil.dir/C_/Users/User/.pico-sdk/sdk/2.2.0/src/common/pico_util/pheap.c.obj
LOAD CMakeFiles/sniffer_mil.dir/C_/Users/User/.pico-sdk/sdk/2.2.0/src/common/pico_util/queue.c.obj
LOAD CMakeFiles/sniffer_mil.dir/C_/Users/User/.pico-sdk/sdk/2.2.0/src/rp2_common/hardware_uart/uart.c.obj
LOAD CMakeFiles/sniffer_mil.dir/C_/Users/User/.pico-sdk/sdk/2.2.0/src/rp2_common/hardware_clocks/clocks.c.obj
LOAD CMakeFiles/sniffer_mil.dir/C_/Users/User/.pico-sdk/sdk/2.2.0/src/rp2_common/hardware_pll/pll.c.obj
LOAD CMakeFiles/sniffer_mil.dir/C_/Users/User/.pico-sdk/sdk/2.2.0/src/rp2_common/hardware_vreg/vreg.c.obj
LOAD CMakeFiles/sniffer_mil.dir/C_/Users/User/.pico-sdk/sdk/2.2.0/src/rp2_common/hardware_watchdog/watchdog.c.obj
LOAD CMakeFiles/sniffer_mil.dir/C_/Users/User/.pico-sdk/sdk/2.2.0/src/rp2_common/hardware_ticks/ticks.c.obj
LOAD CMakeFiles/sniffer_mil.dir/C_/Users/User/.pico-sdk/sdk/2.2.0/src/rp2_common/pico_bootrom/bootrom.c.obj
LOAD CMakeFiles/sniffer_mil.dir/C_/Users/User/.pico-sdk/sdk/2.2.0/src/rp2_common/pico_bootrom/bootrom_lock.c.obj
LOAD CMakeFiles/sniffer_mil.dir/C_/Users/User/.pico-sdk/sdk/2.2.0/src/rp2_common/hardware_boot_lock/boot_lock.c.obj
LOAD CMakeFiles/sniffer_mil.dir/C_/Users/User/.pico-sdk/sdk/2.2.0/src/rp2_common/pico_flash/flash.c.obj
LOAD CMakeFiles/sniffer_mil.dir/C_/Users/User/.pico-sdk/sdk/2.2.0/src/rp2_common/hardware_xosc/xosc.c.obj
LOAD CMakeFiles/sniffer_mil.dir/C_/Users/User/.pico-sdk/sdk/2.2.0/src/rp2_common/hardware_divider/divider.c.obj
LOAD CMakeFiles/sniffer_mil.dir/C_/Users/User/.pico-sdk/sdk/2.2.0/src/rp2_common/pico_runtime/runtime.c.obj
LOAD CMakeFiles/sniffer_mil.dir/C_/Users/User/.pico-sdk/sdk/2.2.0/src/rp2_common/pico_runtime_init/runtime_init.c.obj
LOAD CMakeFiles/sniffer_mil.dir/C_/Users/User/.pico-sdk/sdk/2.2.0/src/rp2_common/pico_runtime_init/runtime_init_clocks.c.obj
LOAD CMakeFiles/sniffer_mil.dir/C_/Users/User/.pico-sdk/sdk/2.2.0/src/rp2_common/pico_runtime_init/runtime_init_stack_guard.c.obj
LOAD CMakeFiles/sniffer_mil.dir/C_/Users/User/.pico-sdk/sdk/2.2.0/src/rp2_common/pico_bit_ops/bit_ops_aeabi.S.obj
LOAD CMakeFiles/sniffer_mil.dir/C_/Users/User/.pico-sdk/sdk/2.2.0/src/rp2_common/pico_divider/divider_compiler.c.obj
LOAD CMakeFiles/sniffer_mil.dir/C_/Users/User/.pico-sdk/sdk/2.2.0/src/rp2_common/pico_double/double_math.c.obj
LOAD CMakeFiles/sniffer_mil.dir/C_/Users/User/.pico-sdk/sdk/2.2.0/src/rp2_common/pico_double/double_aeabi_dcp.S.obj
LOAD CMakeFiles/sniffer_mil.dir/C_/Users/User/.pico-sdk/sdk/2.2.0/src/rp2_common/pico_double/double_fma_dcp.S.obj
LOAD CMakeFiles/sniffer_mil.dir/C_/Users/User/.pico-sdk/sdk/2.2.0/src/rp2_common/pico_double/double_sci_m33.S.obj
LOAD CMakeFiles/sniffer_mil.dir/C_/Users/User/.pico-sdk/sdk/2.2.0/src/rp2_common/pico_double/double_conv_m33.S.obj
LOAD CMakeFiles/sniffer_mil.dir/C_/Users/User/.pico-sdk/sdk/2.2.0/src/rp2_common/pico_float/float_math.c.obj
LOAD CMakeFiles/sniffer_mil.dir/C_/Users/User/.pico-sdk/sdk/2.2.0/src/rp2_common/pico_float/float_conv32_vfp.S.obj
LOAD CMakeFiles/sniffer_mil.dir/C_/Users/User/.pico-sdk/sdk/2.2.0/src/rp2_common/pico_float/float_common_m33.S.obj
LOAD CMakeFiles/sniffer_mil.dir/C_/Users/User/.pico-sdk/sdk/2.2.0/src/rp2_common/pico_float/float_sci_m33_vfp.S.obj
LOAD CMakeFiles/sniffer_mil.dir/C_/Users/User/.pico-sdk/sdk/2.2.0/src/rp2_common/pico_malloc/malloc.c.obj
LOAD CMakeFiles/sniffer_mil.dir/C_/Users/User/.pico-sdk/sdk/2.2.0/src/rp2_common/pico_atomic/atomic.c.obj
LOAD CMakeFiles/sniffer_mil.dir/C_/Users/User/.pico-sdk/sdk/2.2.0/src/rp2_common/pico_cxx_options/new_delete.cpp.obj
LOAD CMakeFiles/sniffer_mil.dir/C_/Users/User/.pico-sdk/sdk/2.2.0/src/rp2_common/pico_standard_binary_info/standard_binary_info.c.obj
LOAD CMakeFiles/sniffer_mil.dir/C_/Users/User/.pico-sdk/sdk/2.2.0/src/rp2_common/pico_printf/printf.c.obj
LOAD CMakeFiles/sniffer_mil.dir/C_/Users/User/.pico-sdk/sdk/2.2.0/src/rp2_common/pico_crt0/crt0.S.obj
LOAD CMakeFiles/sniffer_mil.dir/C_/Users/User/.pico-sdk/sdk/2.2.0/src/rp2_common/pico_clib_interface/newlib_interface.c.obj
LOAD CMakeFiles/sniffer_mil.dir/C_/Users/User/.pico-sdk/sdk/2.2.0/src/rp2_common/pico_stdio/stdio.c.obj
LOAD CMakeFiles/sniffer_mil.dir/C_/Users/User/.pico-sdk/sdk/2.2.0/src/rp2_common/pico_stdio_usb/reset_interface.c.obj
LOAD CMakeFiles/sniffer_mil.dir/C_/Users/User/.pico-sdk/sdk/2.2.0/src/rp2_common/pico_stdio_usb/stdio_usb.c.obj
LOAD CMakeFiles/sniffer_mil.dir/C_/Users/User/.pico-sdk/sdk/2.2.0/src/rp2_common/pico_stdio_usb/stdio_usb_descriptors.c.obj
LOAD CMakeFiles/sniffer_mil.dir/C_/Users/User/.pico-sdk/sdk/2.2.0/src/rp2_common/pico_unique_id/unique_id.c.obj
LOAD CMakeFiles/sniffer_mil.dir/C_/Users/User/.pico-sdk/sdk/2.2.0/src/rp2_common/hardware_flash/flash.c.obj
LOAD CMakeFiles/sniffer_mil.dir/C_/Users/User/.pico-sdk/sdk/2.2.0/src/rp2_common/hardware_xip_cache/xip_cache.c.obj
LOAD CMakeFiles/sniffer_mil.dir/C_/Users/User/.pico-sdk/sdk/2.2.0/lib/tinyusb/src/portable/raspberrypi/rp2040/dcd_rp2040.c.obj
LOAD CMakeFiles/sniffer_mil.dir/C_/Users/User/.pico-sdk/sdk/2.2.0/lib/tinyusb/src/portable/raspberrypi/rp2040/rp2040_usb.c.obj
LOAD CMakeFiles/sniffer_mil.dir/C_/Users/User/.pico-sdk/sdk/2.2.0/lib/tinyusb/src/device/usbd.c.obj
LOAD CMakeFiles/sniffer_mil.dir/C_/Users/User/.pico-sdk/sdk/2.2.0/lib/tinyusb/src/device/usbd_control.c.obj
LOAD CMakeFiles/sniffer_mil.dir/C_/Users/User/.pico-sdk/sdk/2.2.0/lib/tinyusb/src/class/audio/audio_device.c.obj
LOAD CMakeFiles/sniffer_mil.dir/C_/Users/User/.pico-sdk/sdk/2.2.0/lib/tinyusb/src/class/cdc/cdc_device.c.obj
LOAD CMakeFiles/sniffer_mil.dir/C_/Users/User/.pico-sdk/sdk/2.2.0/lib/tinyusb/src/class/dfu/dfu_device.c.obj